Invalid operation
Null
Null
Invalid operation
Invalid operation
f191/
f191/
Invalid operation
Invalid operation
Invalid operation
/f180
Invalid operation
f191:dir:0
f180:FE
Invalid operation
Invalid operation
Invalid operation
f180:91 FE 07
Invalid operation
Invalid operation
f180:3
Null
Invalid operation
f180:00
d150
d151
d61
f156/
f180
f185
f191/
Invalid operation
d150
d151
d61
f156/
f180
f185
f191/
Invalid operation
Null
f115:12
f180:9
Null
Invalid operation
f180:00
Invalid operation
Invalid operation
d150
d151
d61
f156/
f180
f185
f191/
f88
d20:9
d176:5
Invalid operation
/f180
/f180
f191:dir:0
Invalid operation
f191:dir:0
d20:8zmxpvaum
f180:DF 4A
d176
d20
d88/
Invalid operation
d176
d20
d81/
d88/
f180:38 31 26 51 BB
Invalid operation
Invalid operation
Invalid operation
d176
d20
d261
d81/
d88/
d93/
f149
f232
d20:8zmxpvaumxw_m-7.ek4z9o.k
Invalid operation
d176
d261
d81/
d88/
d93/
f149
f232
n36
f149:00
Invalid operation
f149:26
d176
d261
d81/
d88/
d93/
f148
f149
n36
f149:14
n36:6
d176:erl3h
d176:md:5
d176:md:5
d151
d176
d211
d261
d81/
d88/
d93/
f149
n36
d176:erl3h
Invalid operation
f149:10
Invalid operation
d151
d61
f156/
f180
f185
f191/
f88
d151
d61
f156/
f180
f185
f191/
f88
Invalid operation
Null
Invalid operation
d151
d176
d261
d81/
d88/
d93/
f149
n36
Invalid operation
n9
Invalid operation
d151
d176
d261
d81/
d88/
d93/
f149
n36
f16
f172
Invalid operation
f16:zk
Invalid operation
f16:txt:2
/f191/d81/f16
Invalid operation
f16:zk
d10:8
d75:6
f16:2
d75:72 80 B0
Invalid operation
Invalid operation
f16:txt:2
d13
f16
f172
f73/
Invalid operation
Null
Invalid operation
f172:16
f16:3
f16:zkx
f149:AE
f16:zkx
d231
d285/
f140
f16
f168/
f172
f265/
f44
f73/
n3/
f16:zkx
n116:dir:0
f191
n116/
f140:00
Invalid operation
n0:dir:0
Invalid operation
Invalid operation
n0:dir:0
n0:dir:0
Null
Invalid operation
Invalid operation
Invalid operation
f67:14
Invalid operation
f67:14
d209:3
f140:00
Invalid operation
f239:9
d223:8
d209:3
f140:00
n0:dir:0
d209
d223
f239
n0/
f140:00
d209
d223
n0/
f140:00
d209
d223
f20
f94
n0/
Invalid operation
d209
d223
f20
f94
n0/
f140:00
Invalid operation
d232:x
d197/
d232
n34/
Invalid operation
d232:x
Invalid operation
d25:47 95
d25:47
d209:13
d25:4B
Invalid operation
Invalid operation
Null
n0:dir:0
d209:xxxfb.y7_r.3x
/f191/d81/f168/n116/n34/d209
d209:xxxfb.y7_r.3x
Invalid operation
Invalid operation
d138
d195/
d209
d223
d25
f121/
f20
f28/
f88
f94
n0/
Invalid operation
/f191/d81/f168/n116/n34/d209
d25:15
n0:dir:0
d25:15
f142/
f68
d25:4B
Invalid operation
f142/
f68
f68:ad38i2
Invalid operation
f142/
f68
d25:4B 15
d209:15
d223:8
d83:6
f88:4
Invalid operation
Invalid operation
/f191/d81/f168/n116/n34/d209
Invalid operation
n0:dir:0
/f191/d81/f168/n116/n34/d209
Null
/f191/d81/f168/n116/n34/d209
n0:dir:0
/f191/d81/f168/n116/n34/d209
Null
d209:34
d223:8
d260:6
d83:6
f88:4
d138:3
n53:3
d25:2
d138
d192
d195/
d209
d223
d25
d260
d83
f121/
f20
f28/
f88
n0/
n53
d138
d192
d195/
d209
d223
d25
d260
d83
f121/
f20
f27/
f28/
f88
f98/
n0/
n53
d209:34
d223:8
d260:6
d83:6
d138
d192
d195/
d209
d223
d260
d83
f121/
f20
f27/
f28/
f88
f98/
n0/
n53
Invalid operation
Null
Invalid operation
d232:x
/f191/d81/f168/n116/d232
d197/
d232
f23/
n34/
f140:AF 36 DF A4
Null
Invalid operation
Invalid operation
f109:34 56 56
/f191/d81/f168/n116/d232
f109:34 88 19 BB 1E C3 48
Invalid operation
Invalid operation
/f191/d81/f168/n116/f109
Invalid operation
/f191/d81/f168/n116/f109
f109:1E C3 48
Invalid operation
Null
d197/
d214/
d232
d273/
f109
f23/
n34/
Null
f109:23
d232:22
/f191/d81/f168/n116/f109
Invalid operation
Invalid operation
Invalid operation
f109:23
d232:22
f291:1
d197/
d214/
d232
d273/
f109
f23/
f291
n34/
Invalid operation
Invalid operation
f109:23
d232:22
f109:23
d232:22
f109:23
Invalid operation
/f191/d81/f168/n116/f109
Invalid operation
d197/
d214/
d232
d273/
f109
f23/
f247/
n34/
Invalid operation
Invalid operation
d197/
d214/
d232
d273/
f23/
f247/
n34/
n66/
d197/
d214/
d232
d273/
f181/
f23/
f247/
n34/
n66/
/f191/d81/f168/n116/d232
d232:xy0us64d1bxo0a.z3skww_
Invalid operation
d10
d197/
d214/
d232
d273/
d54
f181/
f23/
f247/
n34/
n66/
/f191/d81/f168/n116/d232
n34:dir:0
/f191/d81/f168/n116/d232
Invalid operation
Invalid operation
Invalid operation
Invalid operation
d143:6C 46 AE 09 E5 00
n34:dir:0
Null
/f191/d81/f168/n116/d232
n34:dir:0
Null
Invalid operation
Invalid operation
Invalid operation
d232:36
d143:9
d10:8
d54:3
f187:0
/f191/d81/f168/n116/d232
d225
d254
Invalid operation
d225
d254
n18/
d153/
d225
d254
n18/
d254:x40sy  ucn0y mb4skopkq6j
Invalid operation
d143:2D DB 2B 95
Null
Invalid operation
Invalid operation
/f191/d81/f168/n116/d214/f93/d99
Invalid operation
d99:62 75 99 29 4D
d99:7
n80:0
Invalid operation
d99:99 29 00 00
Invalid operation
Null
Invalid operation
d99
f219/
f240/
f68/
n80
Invalid operation
Invalid operation
Invalid operation
d40
f231/
n44/
d40
f210
f231/
n44/
d99:05 7E 62 75 99 29 00 00 00 00 3A 9D E5 9B 87
Null
Invalid operation
d40:17f5
d40
f231/
n44/
Invalid operation
f231:dir:0
d40
f137
f231/
f83/
n44/
d99:79 E5 9B
f16:w
f16:w
Invalid operation
f195:dir:0
Invalid operation
Invalid operation
f16:txt:3
f195/
Invalid operation
f16:zkx_ljvsm
Invalid operation
Null
Invalid operation
d93:s aj9m84 wy.gx2
d40:17f5
d99:E5 9B 87 E2 B0 C0 00 00
Invalid operation
f195/
Invalid operation
f195/
Null
Invalid operation
d99:79 E5 9B 87
f195/
Invalid operation
f195/
d99:31 BF 79
f195/
Null
f248:dir:0
Invalid operation
f195/
f248/
Null
f195/
f248/
Invalid operation
f166:b t
f166:b t
Invalid operation
/f191/d81/f168/n116/d214/f93/f219/f83/f166
d154/
f166
f195/
d154/
f166
f195/
d154/
f166
f195/
d296:E3 59 F8 16
f166:3
d99:DD 5F B0 C0
Invalid operation
Invalid operation
d99:8D 99 29 00 00 AF E6 9A 01 66
d99
f219/
f240/
f68/
n80
Invalid operation
d99
f219/
f240/
f261/
f68/
n80
d99
f219/
f240/
f261/
f68/
n80
Invalid operation
d99:00 AF E6 9A 01
Null
Null
d99:00
Invalid operation
Invalid operation
Invalid operation
Invalid operation
Invalid operation
d127
d99
f219/
f240/
f68/
n0/
n80
d99:19
d127:13
n109:8
n80:0
Invalid operation
Invalid operation
d99:00
Invalid operation
Invalid operation
d99:6A DD
Invalid operation
Invalid operation
Null
Null
Null
d114/
d127
d99
f219/
f237
f240/
f68/
f83/
n0/
n114/
n80
Invalid operation
Invalid operation
Invalid operation
d254:24
n7:8
Invalid operation
Invalid operation
Invalid operation
Invalid operation
Invalid operation
Invalid operation
Invalid operation
d143:4A
d232:36
d143:14
d10:8
d54:3
Invalid operation
d143:3E 2D
Null
Invalid operation
Invalid operation
Invalid operation
Invalid operation
d147:
Invalid operation
f140:00 00 06 97 12 C2 09 E8
f149:15
n36:6
d176:5
d261:4
Invalid operation
Invalid operation
Invalid operation
Invalid operation
Null
Invalid operation
Invalid operation
d151
d176
d261
d81/
d88/
d93/
f149
f296
f73
n36
n69/
n89
Invalid operation
f149:15
n36:6
n89:6
d176:5
f73:5
d261:4
d151:0
Invalid operation
Invalid operation
Invalid operation
Null
Null
d151
d176
d238
d261
d285
d81/
d88/
d93/
f11
f130/
f149
f296
f73
n36
n41/
n69/
n87/
n89
Invalid operation
Invalid operation
d151
d176
d238
d261
d285
d81/
d88/
d93/
f11
f130/
f149
f208
f296
f73
n36
n41/
n69/
n89
d151
d160
d176
d238
d261
d285
d81/
d88/
d93/
f11
f130/
f149
f208
f296
f73
n36
n41/
n69/
n89
Invalid operation
Invalid operation
Invalid operation
Invalid operation
Invalid operation
d151
d160
d176
d199/
d238
d261
d285
d81/
d88/
d93/
f11
f130/
f149
f208
f296
f73
n36
n41/
n69/
n89
f149:15
d238:13
d160:12
Invalid operation
Invalid operation
d151
d160
d176
d199/
d238
d261
d285
d81/
d88/
d93/
f11
f130/
f149
f173
f208
f296
f73
n36
n41/
n69/
n89
Invalid operation
Invalid operation
Invalid operation
Invalid operation
Invalid operation
d151
d160
d176
d199/
d238
d261
d285
d81/
d88/
d93/
f11
f130/
f149
f173
f208
f296
f73
n36
n41/
n69/
n89
Invalid operation
d151
d160
d176
d199/
d238
d261
d285
d81/
d88/
d93/
f11
f130/
f149
f173
f208
f296
f73
n36
n41/
n69/
n89
d151
d160
d176
d199/
d238
d261
d285
d81/
d88/
d93/
f11
f130/
f149
f173
f208
f296
f73
n36
n41/
n69/
n89
d151
d160
d176
d199/
d238
d261
d285
d81/
d88/
d93/
f11
f130/
f149
f173
f208
f296
f73
n36
n41/
n69/
n89
f149:15
d238:13
d160:12
d151
d160
d176
d199/
d238
d261
d285
d81/
d88/
d93/
f11
f130/
f149
f173
f208
f296
f73
n36
n41/
n69/
n89
Invalid operation
Invalid operation
Null
Invalid operation
Invalid operation
Invalid operation
Invalid operation
Invalid operation
Invalid operation
Invalid operation
Invalid operation
Null
Null
Invalid operation
Invalid operation
Invalid operation
Invalid operation
Invalid operation
f180:9
d151:7
f88:2
d61:0
Invalid operation
Invalid operation
d151
d61
f156/
f180
f185
f191/
f88
Invalid operation
Invalid operation
Invalid operation
d151
d61
f156/
f180
f185
f190
f191/
f88
Invalid operation
d151
d61
f156/
f180
f185
f190
f191/
f88
Invalid operation
Invalid operation
Invalid operation
d151
d61
f121
f134/
f156/
f180
f185
f190
f191/
f88
d151
d61
f121
f134/
f156/
f180
f185
f190
f191/
f88
Null
Invalid operation
Invalid operation
Null
Invalid operation
d151
d61
f121
f156/
f180
f185
f190
f191/
f88
d151
d61
f121
f156/
f180
f185
f190
f191/
f88
Invalid operation
d151
d61
f121
f156/
f180
f185
f190
f191/
f88
Invalid operation
Invalid operation
Invalid operation
Invalid operation
Invalid operation
Invalid operation
Invalid operation
Null
f180:9
d151:7
f88:2
d61:0
f185:0
Invalid operation
Invalid operation
d151
d61
d89/
f130
f156/
f180
f185
f191/
f256/
f59/
f88
Invalid operation
d151
d61
d89/
f130
f156/
f180
f185
f191/
f256/
f59/
f88
Invalid operation
Invalid operation
Null
Invalid operation
Invalid operation
Invalid operation
Invalid operation
Invalid operation
Invalid operation
Invalid operation
Invalid operation
Invalid operation
f286:10
f180:9
d151:7
f88:2
d61:0
f130:0
Invalid operation
Invalid operation
Invalid operation
d151
d61
d89/
f130
f156/
f180
f185
f191/
f256/
f286
f42
f59/
f88
Invalid operation
d151
d61
d89/
f130
f156/
f180
f185
f191/
f256/
f286
f42
f59/
f88
Invalid operation
d151
d61
d89/
f130
f156/
f180
f185
f191/
f256/
f286
f42
f59/
f88
Invalid operation
d151
d61
d89/
f130
f156/
f180
f185
f191/
f256/
f286
f42
f59/
f88
Invalid operation
Invalid operation
Invalid operation
Invalid operation
Invalid operation
d151
d246
d287
d61
d73
d89/
f130
f156/
f180
f185
f191/
f201
f256/
f286
f42
f59/
f88
Invalid operation
Invalid operation
Invalid operation
Null
Null
Invalid operation
Invalid operation
f191:dir:0
Invalid operation
Null
d151
d246
d287
d61
d73
d89/
f130
f156/
f180
f185
f191/
f201
f256/
f279/
f286
f42
f59/
d151
d246
d287
d61
d73
d89/
f130
f156/
f180
f185
f191/
f201
f256/
f279/
f286
f42
f59/
d151
d246
d287
d61
d73
d89/
f130
f156/
f180
f185
f191/
f201
f256/
f279/
f286
f42
f59/
/f180
Invalid operation
f180:91 FE 07 09
d151
d246
d287
d61
d73
d89/
f130
f156/
f180
f185
f191/
f201
f256/
f279/
f286
f42
f59/
f88
Invalid operation
d73:10
f286:10
d151
d246
d287
d61
d73
d89/
f130
f156/
f180
f185
f191/
f201
f256/
f279/
f286
f42
f59/
f88
d151
d287
d61
d73
d89/
f130
f156/
f180
f185
f191/
f201
f256/
f286
f42
f59/
f88
d151
d287
d61
d73
d89/
f130
f156/
f180
f185
f191/
f201
f256/
f286
f42
f59/
f88
Invalid operation
Invalid operation
Null
d151
d22
d287
d61
d73
d89/
f130
f156/
f180
f185
f191/
f201
f256/
f286
f33/
f42
f59/
f88
Invalid operation
d22:11
Invalid operation
Null
Invalid operation
d151
d22
d221
d287
d61
d73
d76
d89/
f130
f156/
f180
f185
f191/
f201
f256/
f286
f33/
f42
f59/
f88
Null
Invalid operation
Invalid operation
Invalid operation
Invalid operation
Invalid operation
Invalid operation
Null
Invalid operation
d151
d22
d221
d287
d61
d73
d76
d89/
f130
f156/
f180
f185
f191/
f199
f201
f256/
f281
f286
f291
f33/
f42
f59/
f88
Invalid operation
Invalid operation
Invalid operation
Invalid operation
d151
d22
d221
d287
d61
d73
d76
d89/
f130
f156/
f180
f185
f191/
f199
f201
f256/
f281
f286
f291
f33/
f42
f59/
f88
Invalid operation
Invalid operation
Invalid operation
d151
d22
d221
d287
d61
d73
d76
d89/
f10
f130
f156/
f180
f185
f191/
f199
f201
f256/
f281
f286
f291
f33/
f42
f59/
f88
n30/
d124
d151
d22
d221
d279/
d287
d61
d73
d76
d89/
f10
f130
f156/
f180
f185
f191/
f199
f201
f256/
f281
f286
f291
f33/
f42
f59/
f88
n30/
Invalid operation
d22:11
d73:10
f180:9
Invalid operation
Invalid operation
Invalid operation
d124
d151
d197/
d22
d221
d266
d279/
d287
d61
d73
d76
d89/
f10
f130
f156/
f180
f185
f191/
f199
f201
f256/
f281
f291
f33/
f42
f59/
f88
n30/
Invalid operation
Invalid operation
Invalid operation
Invalid operation
Invalid operation
Invalid operation
Invalid operation
Invalid operation
d109/
d124
d151
d197/
d22
d221
d266
d279/
d287
d61
d73
d76
d89/
f10
f130
f156/
f180
f185
f191/
f199
f201
f256/
f291
f33/
f42
f5
f59/
f69
f88
n30/
d109/
d124
d151
d152/
d197/
d22
d221
d266
d279/
d287
d61
d73
d76
d89/
f10
f130
f156/
f180
f185
f191/
f199
f201
f256/
f291
f33/
f42
f5
f59/
f69
f88
n30/
d109/
d124
d151
d152/
d197/
d22
d221
d266
d279/
d287
d61
d73
d76
d89/
f10
f130
f156/
f180
f185
f191/
f199
f201
f256/
f291
f33/
f42
f5
f59/
f69
f88
n30/
Invalid operation
d160/
d220/
d86
n115/
Invalid operation
d220/
f102
n115/
Invalid operation
Invalid operation
f102:13
f182:0
Invalid operation
f102:ajzox4a7w qo 
d220/
f102
f182
n115/
f182:C8 FE
f102:ajzox4a7w qo yo1
Invalid operation
f182:43 CA CA 12 C8 FE D4
Invalid operation
f182:CA CA 12 C8 FE D4
d220/
f102
f182
n115/
d130
d149/
d220/
f102
f182
f259
n115/
n76
Invalid operation
Invalid operation
f259:CF
/d152/f102
d117/
d130
d149/
d220/
f102
f259
n115/
n76
d117/
d130
d149/
d220/
f102
f259
n115/
n76
f259:E6
/d152/f102
f259:CF 06
n115:dir:0
d117/
d130
d149/
d220/
f102
f259
n10/
n115/
n76
f259:CF
d117/
d130
d149/
d16
d220/
f102
f259
f9
n10/
n115/
n76
n115:dir:0
f102:38
f259:3
f9:3
n13:3
d130:0
d16:0
n76:0
Invalid operation
d117/
d130
d149/
d16
d220/
f102
f259
f9
n10/
n115/
n13
n76
Invalid operation
Invalid operation
n115:dir:0
d117/
d130
d149/
d16
d220/
d222
f102
f259
f9
n10/
n115/
n13
n76
Invalid operation
Invalid operation
d117/
d130
d149/
d16
d220/
d222
d50/
f102
f259
f9
n10/
n115/
n13
n76
n115:dir:0
Invalid operation
f259:4A
Invalid operation
d117/
d130
d149/
d16
d220/
d222
d50/
d60
f102
f259
f9
n10/
n115/
n13
n76
Invalid operation
d117/
d130
d149/
d220/
d222
d50/
d60
f102
f259
f9
n10/
n115/
n13
n76
f259:F5 4A
d117/
d130
d149/
d220/
d222
d50/
d60
f102
f259
f3
f9
n10/
n115/
n13
n76
f259:66 9B
n115:dir:0
d117/
d130
d149/
d220/
d222
d50/
d60
f102
f259
f3
f9
n10/
n115/
n13
n76
/d152/d130
d117/
d130
d149/
d176
d220/
d222
d45
d50/
d60
f102
f255
f3
f9
n10/
n115/
n13
n76
f102:38
n115:dir:0
Invalid operation
n115:dir:0
d130:
Invalid operation
d130:
Null
d242/
d130:
n115:dir:0
Invalid operation
Invalid operation
d117/
d130
d149/
d176
d220/
d222
d45
d50/
d60
f102
f255
f3
f9
n10/
n115/
n13
n76
d23:0ihu.7x
d23:0ihu.7x
d23:txt:7
d23:0ihu.7x
d148/
d169
d23
f140
f9:4E 00 00 80 3F 3A 87
Invalid operation
d23:0ihu.7xy0z7r6bglo_0x.
Invalid operation
/d124
d51:2
d51:2
Invalid operation
d23:0ihu.7xy0z7r6bglo_0x.jwp-b1xv4t79eqlzx
d148/
d169
d23
d254
f14/
f140
n106
Invalid operation
d23:0ihu.7xy0z7r6bglo_0x.jwp-b1xv4t79eqlzx
d148/
d169
d210
d23
d234
d46
f14/
f140
f273
f295
n106
Invalid operation
d23:46
d210:11
n106:6
d234:4
d23:txt:46
d23:0ihu.7xy0z7r6bglo_0x.jwp-b1xv4t79eqlzx7eumrrgj
d23:0ihu.7xy0z7r6bglo_0x.jwp-b1xv4t79eqlzx7eumrrgj
/d152/d220/d242/d23
d23:54
d210:11
d55:9
f295:00
d148/
d210
d23
d46
f14/
f140
f273
f295
f82
n106
/d152/d220/d242/d46
d23:0ihu.7xy0z7r6bglo_0x.jwp-b1xv4t79eqlzx7eumrrgj5bkuirk4
d23:txt:54
Invalid operation
Invalid operation
d51
Invalid operation
d118/
n52/
Null
Null
d23:48
d210:11
n106:6
f140:4
d23:48
d210:11
n106:6
f140:4
d46:3
f295:3
d278:0
f295:0D
Invalid operation
d148/
d210
d23
d278
d46
f14/
f140
f205
f273
f295
f82
n106
Invalid operation
f102:38
d222:17
d130:13
d60:13
f9:12
d45:7
f3:7
n115:dir:0
/d152/n76
d117/
d130
d149/
d176
d220/
d222
d249/
d280
d42
d45
d50/
d60
f102
f255
f3
f9
n10/
n115/
n13
n45/
n76
Null
f9:1A 11 1C CD BE
f9:0C 0B
/d152/d130
/d152/d130
Invalid operation
n76:txt:0
Invalid operation
f119
f132
f18/
f82/
n92
Invalid operation
f9:1A 11 1C CD BE 4D
f9:1A 11 1C CD BE 4D 92 0C 0B 08
f9:0C 0B 08
Invalid operation
f132:bdrm252
f9:92 0C
Invalid operation
Null
f9:11 1C CD BE 4D
f132:bdrm252
f132
f18/
f82/
n92
f9:F3 1A 11 1C CD BE 4D 92 0C
d112
d8/
f119
f132
f18/
f79/
f82/
n92
d112
d8/
f119
f132
f18/
f79/
f82/
n92
/d152/d117/f132
f9:F3 1A 11 1C CD BE 4D 92 0C 00
Invalid operation
d112:16
f132:7
n92:7
f119:3
f9:4D 92 0C
/d152/d130
Invalid operation
d117/
d130
d149/
d176
d220/
d222
d249/
d280
d42
d45
d50/
d60
f102
f255
f3
f9
n10/
n115/
n13
n45/
n76
f9:4D 92 0C 00
f9:20
d117/
d130
d149/
d176
d220/
d222
d249/
d280
d42
d45
d50/
d60
f102
f162/
f255
f3
f9
n10/
n115/
n13
n45/
n76
d117/
d130
d149/
d176
d220/
d222
d249/
d280
d42
d45
d50/
d60
f102
f162/
f255
f3
f9
n10/
n115/
n13
n45/
n76
n115:dir:0
Invalid operation
Invalid operation
d117/
d130
d149/
d176
d220/
d222
d249/
d280
d42
d45
d50/
d60
f102
f162/
f255
f3
f9
n10/
n115/
n13
n45/
n76
d117/
d130
d149/
d176
d178/
d220/
d222
d249/
d280
d42
d45
d50/
d60
f102
f162/
f255
f3
f9
n10/
n115/
n13
n45/
n76
n99
f102:38
d222:17
d42:15
d130:14
f9:14
d60:13
d45:7
n115:dir:0
Invalid operation
d130:r0gpbcw1h.lj6x
Invalid operation
d117/
d130
d149/
d176
d178/
d211/
d220/
d222
d249/
d280
d42
d45
d50/
d60
f102
f162/
f255
f282
f3
f9
n10/
n115/
n13
n45/
n76
n99
d117/
d130
d149/
d176
d178/
d211/
d220/
d222
d249/
d280
d42
d45
d50/
d60
f102
f162/
f255
f282
f3
f9
n10/
n115/
n13
n45/
n76
n99
d117/
d130
d149/
d176
d178/
d206/
d211/
d220/
d222
d249/
d280
d42
d45
d50/
d60
f102
f162/
f255
f282
f3
f9
n10/
n115/
n13
n45/
n76
n99
Invalid operation
Invalid operation
Invalid operation
Invalid operation
f56:0
Invalid operation
f56:0
f56
Null
Invalid operation
Invalid operation
Invalid operation
Invalid operation
Invalid operation
Invalid operation
Invalid operation
Invalid operation
Invalid operation
Invalid operation
Invalid operation
Invalid operation
f166:10
f166:A3
/f33/f166
Invalid operation
d20
d214
d234/
f166
f94/
Invalid operation
Invalid operation
f166:bin:12
/f33/f166
/f33/f166
d20
d214
d234/
f166
f94/
n20/
/f33/f166
f166:9B FA C1 23 9A 52 15 66
Invalid operation
d20
d214
d234/
f166
f220
f94/
n20/
Invalid operation
Invalid operation
d20
d214
d234/
f166
f220
f94/
n20/
d185/
d20
d214
d234/
f166
f220
f94/
n20/
d185/
d20
d214
d234/
f166
f220
f94/
n20/
Invalid operation
Invalid operation
f166:bin:13
f166:C1 23 9A 52
f220:14
f166:13
d185/
d20
d214
d234/
f166
f220
f94/
n20/
f166:bin:13
f166:bin:13
Invalid operation
Invalid operation
Invalid operation
Invalid operation
d109/
d124
d151
d152/
d156/
d197/
d22
d221
d266
d279/
d287
d31
d61
d73
d76
d89/
f10
f130
f156/
f180
f185
f191/
f199
f201
f256/
f291
f33/
f42
f5
f59/
f69
f88
n30/
d109/
d124
d151
d152/
d156/
d197/
d22
d221
d266
d279/
d287
d31
d61
d73
d76
d89/
f10
f130
f156/
f180
f185
f191/
f199
f201
f256/
f291
f33/
f42
f5
f59/
f69
f88
n30/
d22:11
d73:10
f180:9
d151:7
Invalid operation
Invalid operation
d22:11
d73:10
d109/
d124
d151
d152/
d156/
d197/
d22
d221
d266
d279/
d287
d31
d61
d73
d76
d89/
f130
f156/
f170
f180
f185
f191/
f199
f201
f256/
f291
f33/
f42
f5
f59/
f69
f88
n30/
Invalid operation
d109/
d124
d151
d152/
d156/
d197/
d22
d221
d266
d279/
d287
d31
d61
d73
d76
d89/
f130
f156/
f170
f180
f185
f191/
f199
f201
f256/
f291
f33/
f42
f5
f59/
f69
f88
n30/
d109/
d124
d151
d152/
d156/
d197/
d22
d221
d266
d279/
d287
d31
d61
d73
d76
d89/
f130
f156/
f170
f180
f185
f191/
f199
f201
f256/
f291
f33/
f42
f5
f59/
f69
f88
n30/
d109/
d124
d151
d152/
d156/
d197/
d22
d221
d266
d279/
d287
d31
d61
d73
d76
d89/
f130
f156/
f170
f180
f185
f191/
f199
f201
f256/
f291
f33/
f42
f5
f59/
f69
f88
n30/
Invalid operation
f185:8ouydo.yx5
d109/
d124
d151
d152/
d156/
d197/
d22
d221
d266
d279/
d282/
d287
d31
d73
d76
d89/
f130
f156/
f170
f180
f185
f191/
f199
f201
f256/
f291
f33/
f42
f5
f59/
f69
f88
n30/
f191:dir:0
Invalid operation
/f185
d109/
d124
d151
d152/
d156/
d197/
d22
d221
d266
d279/
d282/
d287
d31
d73
d76
d89/
f130
f156/
f170
f180
f185
f191/
f199
f201
f256/
f291
f33/
f42
f5
f59/
f69
f88
n30/
n66
f191:dir:0
Invalid operation
Invalid operation
d109/
d124
d152/
d156/
d197/
d22
d221
d266
d279/
d282/
d287
d31
d73
d76
d89/
f130
f156/
f170
f180
f185
f191/
f199
f201
f256/
f291
f33/
f42
f5
f59/
f69
n30/
n66
Invalid operation
/f191/d261
Invalid operation
f149:15
Invalid operation
Invalid operation
d151
d160
d176
d199/
d261
d285
d81/
d87
d88/
d93/
f11
f130/
f149
f173
f208
f210
f256
f296
f73
n36
n41/
n69/
n89
Invalid operation
d81:dir:0
/f191/d261
d151
d160
d176
d199/
d261
d285
d81/
d87
d88/
d93/
f11
f130/
f149
f173
f208
f210
f256
f28/
f296
f73
n36
n41/
n69/
n89
d151
d160
d176
d199/
d261
d285
d81/
d87
d88/
d93/
f11
f130/
f149
f173
f208
f210
f256
f28/
f296
f73
n36
n41/
n69/
n89
Invalid operation
Invalid operation
Invalid operation
d151
d160
d176
d199/
d261
d279/
d285
d81/
d87
d88/
d93/
f11
f130/
f149
f173
f208
f210
f256
f28/
f296
f73
n36
n41/
n69/
n89
Invalid operation
Invalid operation
Invalid operation
Invalid operation
Invalid operation
Invalid operation
d151
d160
d176
d199/
d261
d285
d81/
d87
d88/
d93/
f11
f130/
f149
f173
f208
f210
f224/
f256
f28/
f296
f73
n36
n41/
n69/
n89
d151
d160
d176
d199/
d261
d285
d81/
d87
d88/
d93/
f11
f130/
f149
f173
f208
f210
f224/
f256
f28/
f296
f73
n36
n41/
n69/
n89
Invalid operation
Invalid operation
Invalid operation
Invalid operation
Invalid operation
Invalid operation
Null
Null
Invalid operation
d151
d160
d176
d199/
d261
d285
d81/
d87
d88/
d93/
f11
f130/
f149
f173
f208
f210
f224/
f256
f28/
f296
f73
n36
n41/
n49/
n69/
n89
Invalid operation
Invalid operation
Invalid operation
Invalid operation
Invalid operation
d151
d160
d176
d199/
d261
d285
d81/
d87
d88/
d93/
f11
f130/
f149
f173
f208
f210
f224/
f256
f28/
f296
f73
n36
n41/
n69/
n89
Invalid operation
d151
d160
d176
d199/
d261
d285
d81/
d87
d88/
d93/
f11
f130/
f149
f173
f208
f210
f224/
f256
f28/
f296
f73
n36
n41/
n69/
n89
Invalid operation
Invalid operation
Invalid operation
Invalid operation
Invalid operation
Invalid operation
Invalid operation
Invalid operation
Invalid operation
Invalid operation
Null
Invalid operation
f170:17
n66:17
Invalid operation
f170:17
n66:17
Invalid operation
f170:17
n66:17
d22:11
d73:10
f185:10
d131:7
d76:7
f69:6
d101/
d109/
d124
d131
d152/
d156/
d197/
d22
d221
d266
d279/
d282/
d287
d31
d73
d76
d89/
f128/
f130
f156/
f170
f180
f185
f191/
f199
f201
f256/
f291
f33/
f42
f5
f59/
f69
n30/
n66
Invalid operation
Invalid operation
Invalid operation
d101/
d109/
d124
d131
d132
d152/
d156/
d197/
d22
d221
d266
d279/
d282/
d287
d31
d73
d76
d89/
f128/
f130
f156/
f170
f180
f185
f191/
f199
f201
f256/
f291
f33/
f42
f5
f59/
f69
n30/
n66
n8
Invalid operation
Invalid operation
Invalid operation
Invalid operation
Invalid operation
Null
d101/
d109/
d124
d131
d132
d152/
d156/
d197/
d22
d221
d266
d279/
d282/
d287
d31
d73
d76
d89/
f128/
f130
f156/
f170
f180
f185
f191/
f199
f201
f242/
f256/
f291
f33/
f42
f5
f59/
f69
n30/
n66
n8
Invalid operation
Invalid operation
Invalid operation
Invalid operation
f170:17
n66:17
d132:13
d22:11
d73:10
f185:10
Invalid operation
Invalid operation
Invalid operation
/d152/d130
Invalid operation
Invalid operation
f107/
f234
n12/
n29
d11
f107/
f234
f30
n12/
/d152/d178/n112/f234
Invalid operation
Invalid operation
d11
d159/
f107/
f16
f189/
f234
f30
n12/
d11
d159/
f107/
f16
f189/
f234
f30
n12/
/d152/d178/n112/f234
Invalid operation
f234:-h8oza x
f234:8
f16:5
f249:2
d11:0
f30:0
n12:dir:0
f9:4F 53 7D E9 A3 E6 00 00 00 00 00 5D D7 35 FF E8 B9 40 5E DF
f9:59 AE 1C 78 FD F9 7D F2 4F
d159/
f107/
f16
f189/
f215
f234
f249
n12/
n12:dir:0
Invalid operation
d159/
f107/
f16
f189/
f215
f234
f249
n12/
/d152/d178/n112/f234
f9:E6 00 00 00 00 00 5D D7
/d152/d178/n112/f189/d52
Null
Invalid operation
Invalid operation
f234:-h8oza x
Null
d248/
d52
Invalid operation
Invalid operation
d52:fsfoo-dpv-4l.
d52:7
n20:1
f239:0
Null
Invalid operation
d248:dir:0
d248/
d52
f293
n20
d52:22
f293:17
d52:fsfoo-deqkguazq921c13v
/d152/d178/n112/f189/d52
d248/
f293
f214:21
Invalid operation
f214:5B
f180:82
Invalid operation
f180
f84
f84
f84:11
f214:9B
/d152/d178/n112/f234
/d152/d178/n112/f234
f119:md:17
n112/
Invalid operation
Invalid operation
f119:5wptsg315c4ssx7kx
Invalid operation
f119:5wptsg315c4ssx7kx3
Invalid operation
d259
f119
f222
f29/
n36
n48/
d259
f119
f222
f29/
n36
n48/
Invalid operation
Invalid operation
/d152/d178/n112/f234
/d152/d178/n112/f234
Invalid operation
/d152/d178/n112/f234
Invalid operation
f9:5D D7 35 FF E8 B9 40 5E 16 61 EB 34 7B 12 17 00 00 E0 C3 CD
Invalid operation
/d152/d178/n112/f234
Invalid operation
Null
f9:4F 53 7D E9 A3 E6 00 00 00 00 00 5D D7 35 FF E8 BA
d142
d160
d287/
n112/
Invalid operation
d142:4tx8a2rqk
f9:A3 E6 00 00 00 00 00 5D D7 35 FF E8 BA 0E
Invalid operation
d142
n112/
f9:F3
f9:00 00 00 5D D7 35 FF E8 BA F3 2F 64 69 F3 93 7B
Invalid operation
f9:E6 00 00 00 00 00 5D D7 35 FF E8 BA F3 2F 64 69
Invalid operation
Invalid operation
Invalid operation
Invalid operation
f234:-h8oza x1hxb_6
/d152/d178/n112/f234
Invalid operation
Invalid operation
f9:F3 2F 64 69 F3 93 7B
Invalid operation
f119
f223
f29/
f53/
n36
n48/
f119
f223
f29/
f53/
n36
n48/
f119:5wptsg315c4ssx7kx3nf-9xdheos9g4..oidhs
f119:5wptsg315c4ssx7kx3nf-9xdheos9g4..oidhs
d100/
d159/
d167/
d220/
d241
f107/
f16
f189/
f215
f234
f249
f277/
f299/
f43/
n109/
n12/
Invalid operation
Invalid operation
/d152/d178/n112/f234
d100/
d159/
d167/
d203/
d220/
d241
f107/
f16
f189/
f215
f234
f249
f277/
f299/
f43/
n109/
n12/
f234:-h8oza x1hxb_698v
Invalid operation
Invalid operation
f9:41 9A FD F9 7D F2 4F 53 7D E9 A3 E6 00 00 00 00 00 5D
Invalid operation
d63/
d63:dir:0
d63/
n92/
d63/
n92/
d142/
d63/
n92/
f234:-h8oza x1hxb_698vetoil97_b6hq
f234:-h8oza x1hxb_698vetoil97_b6hq
Invalid operation
d63:dir:0
Invalid operation
/d152/d178/n112/f234
Invalid operation
n92:dir:0
d236:3
Invalid operation
d236:bin:3
n92:dir:0
Invalid operation
Invalid operation
/d152/d178/n112/d203/d221
/d221
d100/
d159/
d167/
d203/
d220/
d231
d241
f107/
f16
f189/
f215
f234
f249
f277/
f299/
f43/
n109/
n12/
Invalid operation
n12:dir:0
/d152/d178/n112/f234
n12:dir:0
f9:DC 44 11 D8 E6 00 00 00 00 00 5D D7 D5
Invalid operation
d142:4tx8a2rqkzyx.ml3x
Null
d142:4tx8a2rqkzyx.ml3x
Invalid operation
f37/
Invalid operation
Invalid operation
Invalid operation
d142:4tx8a2rqkzyx.ml3x
d142:4tx8a2rqkzyx.ml3x
d142
d152
d30/
f15
f2/
f42/
f66
f69/
n112/
n50/
n112:dir:0
Null
/d152/d178/d142
d142:17
f66:8
d152:6
Null
Invalid operation
f9:65 72
f9:BA A5 A2 2E AE C4 F3 2F 09 F2 F3 93 7B 12 17 DF 00 00 00 00 4C 95 F6 3B
Invalid operation
Invalid operation
Invalid operation
f9:00 00 4C 95 F6 3B 68 99 68 38 16 9C 1A 5B C0 A8
Invalid operation
d142:4tx8a2rqkzyx.ml3xj038zdliiaq uddeiyk1
d142
d152
d30/
f2/
f276
f42/
f66
f69/
n112/
n50/
d142:4tx8a2rqkzyx.ml3xj038zdliiaq uddeiyk1
f234:-h8oza x1hxb_698vetoil97_b6hqxl.-q6zph6cs89qpvurxw6g  abds
n12:dir:0
f234:58
d179:17
d245:8
f16:5
d100/
d159/
d167/
d179
d200/
d203/
d220/
d245
d94/
f107/
f16
f189/
f215
f234
f249
f277/
f299/
f43/
n109/
n12/
Invalid operation
Invalid operation
Null
Invalid operation
/d152/d178/n112/f234
Invalid operation
Invalid operation
Invalid operation
Invalid operation
Invalid operation
d11/
n42
n42:
d11:dir:0
Invalid operation
/d152/d178/n112/f234
d88:00 15 3D 7C 13
Invalid operation
Invalid operation
d11/
d163/
f75
n42
f75:1
f75:x
d11/
d163/
d175/
f75
Invalid operation
d11/
d163/
d175/
f75
Invalid operation
d88:00 00
Invalid operation
Invalid operation
d100/
d159/
d167/
d179
d200/
d203/
d220/
d245
d71/
d88
d94/
f107/
f16
f189/
f215
f234
f249
f277/
f299/
f39
f43/
n109/
n12/
n12:dir:0
f234:93
d179:17
d88:15
d245:8
f182:6
f16:5
f215:5
Invalid operation
Invalid operation
d100/
d159/
d167/
d179
d200/
d203/
d220/
d245
d258
d71/
d88
d94/
f107/
f16
f182
f188/
f189/
f215
f234
f249
f277/
f299/
f43/
n109/
n12/
f234:93
d88:18
d179:17
d143
Invalid operation
/d152/d178/f42/d143
Invalid operation
Invalid operation
Invalid operation
Invalid operation
Invalid operation
Invalid operation
Invalid operation
Invalid operation
d143
d164/
d21
d46
d65
f292/
d142
d152
d30/
f2/
f276
f42/
f66
f69/
n112/
n50/
n79/
d242/
Invalid operation
d242:dir:0
d130:r0gpbcw1h.lj6xha1rv3gcfx6ycjxx643._6
Invalid operation
f9:2F 09 F2 F3 93 7B 12 17 DF 00 00 00 00 4C 95 F6 3B 68 99 68 38 16 9C 1A 5B
Invalid operation
Null
Invalid operation
f9:75
f102:38
d130:36
d117/
d130
d149/
d176
d178/
d206/
d211/
d220/
d222
d242
d249/
d280
d42
d45
d50/
d60
f102
f162/
f255
f282
f3
f7
f9
n10/
n115/
n13
n45/
n76
n99
n76:
/d152/n76
Invalid operation
Invalid operation
Invalid operation
f9:75
f102:38
d117/
d131
d149/
d176
d178/
d206/
d211/
d220/
d222
d242
d249/
d280
d42
d45
d50/
d60
f102
f162/
f255
f282
f3
f7
f9
n10/
n115/
n13
n45/
n76
n99
d142
d152
d30/
f2/
f276
f280
f42/
f66
f69/
n112/
n15
n50/
n79/
d142:4tx8a2rqkzyx.ml3xj038zdliiaq uddeiyk1txym
f9:F6 3B 68 99 68 38 16 9C 48 7C C0 A8 CA 0B D3 00 00 00 47 69 37 36 EC F8 2A DE 00 00 00
d142
d152
d30/
f2/
f276
f42/
f66
f69/
n112/
n15
n50/
n79/
f9:99 68 38 16 9C 48 7C C0 A8 CA 0B D3 00 00 00 47 69 37 36 EC F8 2A DE 00
f9:00
Null
Invalid operation
/d152/d178/d142
Invalid operation
f9:C4 EB 8E 95 F6 3B 68 99 68 38 16 9C 48 7C C0
Invalid operation
/d152/n76
f9:11 1C 89 67 4E 00 00 5C BA A5 A2 2E AE C4 F3 2F 09 F2 F3 93 7B 6C F9 20 5C 15 C4 EB 8E 95 F6 3B 68 99 68 38 16 9C 48 7C C0 A8 CA 0B D3 00 00 00 47 69 37 36
n76:muz25f uhpg62
n112:dir:0
Invalid operation
n112:dir:0
d142
d152
d2/
d30/
d37/
f2/
f276
f42/
f66
f69/
n112/
n15
n50/
n79/
n90
Invalid operation
n112:dir:0
d142
d152
d2/
d30/
d37/
f2/
f276
f42/
f66
f69/
n112/
n15
n50/
n79/
n90
n112:dir:0
Null
Invalid operation
d142
d152
d2/
d30/
d37/
f2/
f276
f42/
f66
f69/
n112/
n15
n50/
n79/
n90
/d152/d178/d142
Invalid operation
Invalid operation
Invalid operation
n112:dir:0
Invalid operation
d142:4tx8a2rqkzyx.ml3xj038zdliiaq uddeiyk1txymay1b3wlmg3g1trd977wzo889-lxyijqlaz9xcagplju1abhf-t291d
d142:4tx8a2rqkzyx.ml3xj038zdliiaq uddeiyk1txymay1b3wlmg3g1trd977wzo889-lxyijqlaz9xcagplju1abhf-t291d
d142:4tx8a2rqkzyx.ml3xj038zdliiaq uddeiyk1txymay1b3wlmg3g1trd977wzo889-lxyijqlaz9xcagplju1abhf-t291d
f234:-h8oza x1hxb_698vetoil97_b6hqxl.-q6zph6cs89qpvurxw6g  abdso36m2h_23yjql 8qgzlviyxbvw1x4sfc54q
/d152/d178/d142
d142:4tx8a2rqkzyx.ml3xj038zdliiaq uddeiyk1txymay1b3wlmg3g1trd977wzo889-lxyijqlaz9xcagplju1abhf-t291dt1kvp01yblq1ye
Invalid operation
f194
/d152/d178/d37/f194
Invalid operation
Invalid operation
f194
Invalid operation
n71:md:7
n71:md:7
Invalid operation
f170:17
n66:17
d132:13
Invalid operation
Invalid operation
f170:17
d101/
d109/
d124
d131
d132
d152/
d156/
d197/
d22
d221
d242
d266
d279/
d282/
d287
d31
d73
d76
d89/
f113/
f128/
f130
f156/
f170
f180
f185
f191/
f199
f201
f256/
f291
f33/
f42
f5
f55/
f59/
f69
n102/
n30/
n66
n8
Invalid operation
Null
Invalid operation
Invalid operation
Invalid operation
d101/
d109/
d124
d131
d132
d152/
d156/
d197/
d22
d221
d242
d266
d279/
d282/
d287
d31
d73
d76
d89/
f113/
f128/
f130
f156/
f170
f180
f185
f191/
f199
f201
f256/
f291
f33/
f42
f5
f55/
f59/
f69
n102/
n30/
n66
n8
n36:B8 F3 01 07
Invalid operation
f149:15
d160:12
f11:12
f210:8
d87:7
f208:6
n36:6
n89:6
Invalid operation
n36:01
/f191/n36
Invalid operation
Invalid operation
Invalid operation
Invalid operation
d151
d160
d176
d199/
d22/
d261
d285
d81/
d87
d88/
d93/
f11
f128/
f130/
f149
f173
f208
f210
f224/
f256
f28/
f296
f73
n36
n41/
n69/
n89
/f191/n36
Invalid operation
Invalid operation
Invalid operation
Invalid operation
/f191/n36
Invalid operation
Invalid operation
d81:dir:0
Invalid operation
d151
d160
d176
d199/
d261
d285
d81/
d87
d88/
d93/
f11
f128/
f130/
f149
f173
f208
f210
f224/
f256
f28/
f296
f73
n36
n41/
n69/
n89
Invalid operation
n36:28
d81:dir:0
d81:dir:0
Invalid operation
Invalid operation
Invalid operation
Invalid operation
Invalid operation
Null
Invalid operation
Invalid operation
Invalid operation
Invalid operation
Invalid operation
/f191/n36
d151
d160
d176
d197/
d199/
d261
d285
d81/
d87
d88/
d93/
f11
f128/
f130/
f149
f173
f208
f210
f224/
f256
f28/
f296
f73
n117/
n36
n41/
n69/
n76
n89
/f191/n36
d151
d160
d176
d197/
d199/
d261
d285
d81/
d87
d88/
d93/
f11
f128/
f130/
f149
f173
f208
f210
f224/
f256
f28/
f296
f73
n117/
n36
n41/
n69/
n76
n89
n36:28
f149:15
n76:13
d160:12
d151
d160
d176
d197/
d199/
d203/
d261
d285
d81/
d87
d88/
d93/
f11
f128/
f130/
f149
f173
f208
f210
f224/
f256
f28/
f296
f73
n117/
n36
n41/
n69/
n76
n89
n36:28
Invalid operation
Invalid operation
/f191/n36
Invalid operation
f149:15
n76:13
d160:12
Null
n36:59 65 02 5F 83 28
/f191/n36
d151
d160
d176
d197/
d199/
d261
d285
d81/
d87
d88/
d93/
f11
f128/
f130/
f149
f173
f208
f210
f224/
f256
f28/
f296
f73
n117/
n36
n41/
n69/
n76
n89
d151
d160
d176
d197/
d199/
d261
d285
d81/
d87
d88/
d93/
f11
f128/
f130/
f149
f173
f208
f210
f224/
f256
f28/
f296
f73
n117/
n36
n41/
n69/
n76
n89
Invalid operation
Invalid operation
Invalid operation
Invalid operation
Invalid operation
f9:00 00 5C BA A5 A2 2E AE C4 F3 2F 09 F2 F3 93 7B 6C 75 20 5C 15 C4 EB
f9:36 EC F8 2A DE
/d152/n76
d117/
d131
d149/
d176
d178/
d206/
d211/
d220/
d222
d239/
d242
d249/
d280
d42
d45
d50/
d60
f102
f162/
f255
f282
f3
f7
f9
f91
n10/
n115/
n13
n45/
n76
n81/
n99
f9:77
f102:38
Invalid operation
Invalid operation
Invalid operation
Invalid operation
Invalid operation
Null
f170:17
n66:17
d132:13
d22:11
d73:10
f185:10
d112
d117/
d131
d149/
d176
d178/
d206/
d211/
d220/
d222
d239/
d242
d249/
d280
d42
d45
d50/
d60
f102
f162/
f196/
f255
f282
f3
f7
f9
f91
n10/
n115/
n13
n45/
n76
n81/
n99
Invalid operation
Invalid operation
Invalid operation
Null
Null
Invalid operation
Invalid operation
Invalid operation
d112
d117/
d131
d149/
d176
d178/
d206/
d211/
d220/
d222
d239/
d242
d249/
d280
d42
d45
d50/
d60
f102
f162/
f255
f27
f282
f3
f7
f9
f91
n10/
n115/
n13
n45/
n76
n81/
n99
Invalid operation
Null
f185:8ouydo.yx5
Invalid operation
/f185
d101/
d109/
d124
d131
d132
d152/
d156/
d197/
d2
d22
d221
d242
d266
d279/
d282/
d287
d31
d73
d76
d89/
f113/
f128/
f130
f156/
f170
f185
f191/
f199
f201
f256/
f291
f33/
f42
f5
f55/
f59/
f69
n102/
n30/
n66
n8
f185:8ouydo.yx5
Invalid operation
f170:17
n66:17
d132:13
d22:11
d73:10
f185:10
d131:7
f170:17
n66:17
d132:13
d22:11
d73:10
Invalid operation
Invalid operation
f180:9C
f191:dir:0
d101/
d109/
d124
d131
d132
d152/
d156/
d197/
d2
d22
d221
d242
d266
d279/
d282/
d287
d29
d31
d73
d76
d89/
f113/
f128/
f130
f156/
f170
f180
f185
f191/
f199
f201
f256/
f291
f33/
f42
f5
f55/
f59/
f69
n102/
n30/
n66
n8
Invalid operation
f185:8ouydo.yx5qcwj9of-68ma2 ci
f180:FE
Invalid operation
Invalid operation
f185:27
f180:22
d29:17
f170:17
n66:17
d132:13
d22:11
d73:10
f185:27
/f185
f191:dir:0
f191:dir:0
n36:59 65 02 5F 83 E8 61 C4 E9 FB
/f191/n36
d151
d160
d176
d197/
d199/
d261
d285
d81/
d87
d88/
d93/
f11
f128/
f130/
f147
f149
f173
f208
f210
f224/
f256
f28/
f296
f73
n117/
n36
n41/
n69/
n76
n89
Invalid operation
Invalid operation
Invalid operation
n36:20
f149:15
d151
d160
d176
d197/
d199/
d261
d285
d81/
d87
d88/
d93/
f11
f128/
f130/
f147
f149
f173
f208
f210
f224/
f256
f28/
f296
f73
n117/
n36
n41/
n63/
n69/
n76
n89
Invalid operation
Invalid operation
d151
d160
d176
d197/
d199/
d261
d285
d81/
d87
d88/
d93/
f11
f128/
f130/
f147
f149
f173
f208
f210
f224/
f256
f28/
f296
f73
n117/
n36
n41/
n63/
n69/
n76
n89
d151
d160
d176
d197/
d199/
d261
d285
d81/
d87
d88/
d93/
f11
f128/
f130/
f147
f149
f173
f208
f210
f224/
f256
f27/
f28/
f296
f73
n117/
n36
n41/
n63/
n69/
n76
n89
Null
d151
d160
d176
d197/
d199/
d261
d285
d81/
d87
d88/
d93/
f11
f128/
f130/
f147
f149
f173
f208
f210
f224/
f256
f27/
f28/
f296
f73
n117/
n36
n41/
n63/
n69/
n76
n89
n36:77
Invalid operation
f110/
f27
f93
f93:11
f27:0
Invalid operation
Invalid operation
f27:md:0
d285:txt:5
n36:6C C9 F7 35 E4 CF 21
Invalid operation
/f185
f180:CD 3F
d101/
d109/
d124
d131
d132
d152/
d156/
d197/
d2
d218
d22
d221
d242
d266
d279/
d282/
d287
d29
d31
d73
d76
d89/
f113/
f128/
f130
f156/
f170
f180
f185
f191/
f201
f256/
f291
f33/
f42
f5
f55/
f59/
f69
n102/
n30/
n66
n8
Invalid operation
Invalid operation
Invalid operation
/f185
d101/
d109/
d124
d131
d132
d152/
d156/
d197/
d2
d218
d22
d221
d242
d266
d279/
d282/
d287
d29
d31
d73
d76
d89/
f113/
f128/
f130
f156/
f170
f180
f185
f191/
f201
f256/
f291
f33/
f42
f5
f55/
f59/
f69
n102/
n30/
n66
n8
Invalid operation
/f185
Invalid operation
Invalid operation
Invalid operation
n36:22 66 7A 31 6C C9 F7 35 E4 CF 21 77 00 62
n36:E4 CF 21
Invalid operation
Invalid operation
n36:24
Invalid operation
Invalid operation
n36:F7 35
Invalid operation
f273
f273:1E
f273:3
f273
/f191/n36
d81:dir:0
Invalid operation
f18:dir:0
Invalid operation
Invalid operation
Invalid operation
Invalid operation
Invalid operation
d228/
d57/
f18/
f57/
Invalid operation
/f191/n36
d228:dir:0
Invalid operation
n36:00 00 FB 3E D0 D6 E8
n36:95 00 00 00 00 00 00 FB D3 D5 B7
Invalid operation
Invalid operation
n36:95 00 00 00 00 00 00 FB D3 D5 B7 43 A3 88 DD
d289:
d289
f3/
f30/
Invalid operation
n36:DD
Invalid operation
d144/
d228/
d57/
f128/
f18/
f57/
n99/
Invalid operation
Invalid operation
Null
d228:dir:0
Invalid operation
Invalid operation
d209
d228:dir:0
Invalid operation
Invalid operation
Invalid operation
Invalid operation
Invalid operation
Invalid operation
Invalid operation
Null
d120/
d144/
d228/
d57/
f101
f128/
f18/
f223/
f278/
f57/
n99/
Invalid operation
f199:7C 40 88
Invalid operation
Null
d120/
d144/
d228/
d57/
f101
f128/
f18/
f199
f223/
f278/
f57/
n99/
f199:00
Invalid operation
Invalid operation
f101:de77lx1c l64a032q
f101:de77lx1c l64a032q
Invalid operation
d151
d160
d176
d197/
d199/
d261
d274
d285
d81/
d87
d88/
d93/
f11
f128/
f130/
f147
f149
f173
f200
f208
f210
f214
f224/
f245/
f256
f28/
f296
f66
f73
f98
n102/
n117/
n36
n41/
n63/
n69/
n76
n89
Invalid operation
d151
d160
d176
d197/
d199/
d261
d274
d285
d81/
d87
d88/
d93/
f11
f128/
f130/
f147
f149
f173
f200
f208
f210
f214
f224/
f245/
f256
f28/
f296
f66
f73
f98
n102/
n117/
n36
n41/
n63/
n69/
n76
n89
n36:7A 31 6C 24 F7 35 E4 CF 21 77 00 44 6F 7D 95 00 00 00
/f191/n36
d81:dir:0
Invalid operation
n36:59 65 02 5F 83 E8 22 66 7A 31
d298
n21/
Invalid operation
d298:-m4u_ujrp8
d298:txt:10
Invalid operation
d298:-m4u_ujrp8
d298
n21/
d298:-m4u_ujrp85h1_8w1..4uw 54e8gzq4o
n21:dir:0
d298
n21/
d298:17
n36:77 00 44 6F 7D 95 00 00
n36:00 00 00
/f191/d197/d298
d272
d298
f56/
n21/
Invalid operation
d298:37
d298:37
Invalid operation
d298:40
d272:9
d298:txt:40
d133
d267/
d272
d298
f130/
f155
f56/
n21/
d133
d272
d298
f130/
f155
f56/
n21/
d133
d272
d298
f130/
f155
f56/
n21/
d272:F8
d272:71 62 31 68 74
d272:BD 71 62 31 68 74 F8
Invalid operation
d298:-m4u_ujrp85h1_8w44pf5wtnl7xe3ckea 64s.yr66tbhig4a8iqdkizyv
d298:-m4u_ujrp85h1_8w44pf5wtnl7xe3ckea 64s.yr66tbhig4a8iqdkizyv
d298:txt:58
Invalid operation
d298:58
d133:6
d272:6
f50:2
d207:1
d298:-m4u_ujrp85h1_8w44pf5wtnl7xe3ckea 64s.yr66tbhig4a8iqdkizyvx
Invalid operation
d151
d160
d176
d197/
d199/
d261
d274
d285
d81/
d87
d88/
d93/
f11
f128/
f130/
f147
f149
f173
f20
f200
f208
f210
f214
f224/
f245/
f256
f28/
f296
f66
f73
f98
n102/
n117/
n36
n41/
n63/
n69/
n76
n89
Invalid operation
n74:uu7y
n74:uu7y
d151
d160
d176
d197/
d199/
d261
d274
d285
d81/
d87
d88/
d93/
f11
f128/
f130/
f147
f149
f173
f20
f200
f208
f210
f214
f224/
f245/
f256
f28/
f296
f66
f73
f78/
f98
n102/
n117/
n36
n41/
n63/
n69/
n74
n76
n89
Invalid operation
Invalid operation
Invalid operation
Invalid operation
Invalid operation
d101/
d109/
d124
d131
d132
d152/
d156/
d197/
d2
d218
d22
d221
d242
d266
d279/
d282/
d287
d29
d31
d73
d76
d89/
f113/
f128/
f130
f156/
f170
f180
f185
f191/
f201
f256/
f291
f33/
f42
f5
f55/
f59/
f69
n102/
n30/
n66
n8
n95
Invalid operation
Null
Invalid operation
Invalid operation
d101/
d109/
d124
d131
d132
d152/
d156/
d197/
d2
d200
d218
d22
d221
d242
d266
d279/
d282/
d287
d29
d31
d73
d76
d89/
f113/
f128/
f130
f156/
f170
f180
f185
f191/
f201
f256/
f291
f33/
f42
f5
f55/
f59/
f69
n102/
n30/
n66
n8
n95
f185:28
f180:21
d29:17
f170:17
n66:17
n95:16
d132:13
Invalid operation
Invalid operation
Null
d101/
d109/
d124
d131
d132
d152/
d156/
d197/
d2
d218
d22
d221
d242
d266
d279/
d282/
d287
d29
d31
d73
d76
d89/
f113/
f128/
f130
f156/
f170
f180
f185
f191/
f201
f256/
f291
f33/
f42
f5
f55/
f59/
f69
n102/
n30/
n66
n8
n95
Null
f185:28
f180:21
Null
Invalid operation
Invalid operation
Invalid operation
Invalid operation
d185/
d20
d234/
d49
f166
f220
f94/
n11
n20/
n63
f166:bin:13
d185/
d234/
d49
f166
f220
f76/
f94/
n11
n20/
n63
Null
d185/
d20
d234/
d49
f166
f220
f76/
f94/
n11
n20/
n63
Invalid operation
Invalid operation
d185/
d20
d234/
d49
f166
f220
f76/
f94/
n11
n20/
n63
Invalid operation
f166:bin:33
Invalid operation
f166:00 00 00 00 00 00 00 00 00 00 00 00 00 84 CF A4
f166:00 00 00 00 00 00 00 B6 3F BC 8A 85 B7 13 00 00 84
Invalid operation
f166:EF 64 46 31
/f33/f166
f166:bin:41
Null
f176
n112
n112:liev
f176
n112
n112:liev
f176
n112
f166:46
n112
Invalid operation
Invalid operation
Null
Null
Invalid operation
Invalid operation
Invalid operation
d101/
d104
d109/
d124
d131
d132
d138/
d141/
d152/
d156/
d197/
d2
d218
d22
d221
d242
d266
d279/
d282/
d287
d29
d31
d73
d76
d89/
f113/
f128/
f130
f156/
f170
f180
f185
f191/
f201
f229/
f256/
f291
f33/
f42
f5
f55/
f59/
f69
n100/
n102/
n30/
n66
n8
n95
Null
/f185
Null
d101/
d104
d109/
d124
d131
d132
d138/
d141/
d152/
d156/
d197/
d2
d218
d22
d221
d242
d266
d279/
d282/
d287
d29
d31
d73
d76
d89/
f113/
f128/
f130
f156/
f170
f180
f185
f191/
f201
f229/
f256/
f291
f33/
f42
f5
f55/
f59/
f69
n100/
n102/
n30/
n66
n8
n95
/f185
f180:FE 07 09 00 00 00 00 00 B9 28 1A FB E7 69 E1 CD 3F 00
/f185
/f185
Invalid operation
f180:28
f185:28
d29:17
f170:17
n66:17
f191:dir:0
f180:28
f185:28
d29:17
d101/
d104
d109/
d124
d131
d132
d138/
d141/
d152/
d156/
d197/
d2
d206
d218
d22
d221
d232
d242
d266
d279/
d282/
d287
d29
d31
d73
d76
d89/
f113/
f128/
f130
f156/
f170
f180
f185
f191/
f201
f229/
f256/
f291
f33/
f42
f5
f55/
f59/
f69
n100/
n102/
n109/
n30/
n66
n8
n95
f185:8ouydo.yx5qcwj9of-68ma2 cijx
f180:07 09 00 00 00 00 00
Null
d7:7dsj8a68
f180:FE 07 09
d7:md:8
d228/
d7
Invalid operation
d7:7dsj8a683xu0axp--a w3_r4v
f191:dir:0
f180:30
f185:28
d29:17
f170:17
n66:17
n95:16
d132:13
f180:E0 18
d101/
d104
d109/
d110
d124
d131
d132
d138/
d141/
d152/
d156/
d197/
d2
d206
d218
d22
d221
d232
d242
d266
d279/
d282/
d287
d31
d73
d76
d89/
f113/
f128/
f130
f156/
f170
f180
f185
f191/
f201
f229/
f256/
f291
f33/
f42
f5
f55/
f59/
f69
n100/
n102/
n109/
n30/
n66
n7/
n77/
n8
n95
Invalid operation
f180:E3
f191:dir:0
Invalid operation
Invalid operation
Null
Invalid operation
f180:31
f185:28
f170:17
n66:17
n95:16
d110:15
d132:13
d101/
d104
d109/
d110
d124
d131
d132
d138/
d141/
d152/
d156/
d197/
d2
d206
d218
d22
d221
d232
d242
d266
d279/
d282/
d287
d31
d73
d76
d89/
f113/
f128/
f130
f156/
f170
f180
f185
f191/
f201
f229/
f256/
f291
f33/
f42
f5
f55/
f59/
f69
n100/
n102/
n109/
n30/
n66
n7/
n77/
n8
n95
Invalid operation
d101/
d104
d109/
d110
d124
d131
d132
d138/
d141/
d152/
d156/
d197/
d2
d206
d218
d22
d221
d232
d242
d266
d279/
d282/
d287
d31
d73
d76
d89/
f113/
f128/
f130
f156/
f170
f180
f185
f191/
f201
f229/
f256/
f291
f33/
f42
f5
f55/
f59/
f67
f69
n100/
n102/
n109/
n30/
n7/
n77/
n8
n95
Invalid operation
d101/
d104
d109/
d110
d124
d131
d132
d138/
d141/
d152/
d156/
d197/
d2
d206
d218
d22
d221
d232
d242
d266
d279/
d282/
d287
d31
d73
d76
d89/
f113/
f128/
f130
f156/
f170
f180
f185
f191/
f201
f229/
f256/
f291
f33/
f42
f5
f55/
f59/
f67
f69
n100/
n102/
n109/
n30/
n7/
n77/
n8
n95
f185:42
f180:30
f170:17
n95:16
Invalid operation
f185:42
f180:30
f170:17
n95:16
d110:15
d132:13
d22:11
d73:10
f185:8ouydo.yx5qcwj9of-68ma2 cijx5a1shw g97kg3xx
Invalid operation
f191:dir:0
Invalid operation
f180:BF B6 1C A1 D3 00 A6 3F 00 00 00 00
Invalid operation
f191:dir:0
f191:dir:0
Null
Invalid operation
f180:18 E3 CC F0 8E 5E 62 FB EA
n67:txt:5
Null
Invalid operation
Invalid operation
Invalid operation
f191:dir:0
f185:8ouydo.yx5qcwj9of-68ma2 cijx5a1shw g97kg3xx
/f185
Invalid operation
/f185
Invalid operation
d101/
d104
d109/
d110
d124
d131
d132
d138/
d141/
d152/
d156/
d175
d184/
d197/
d2
d218
d22
d221
d232
d242
d266
d279/
d282/
d287
d31
d73
d76
d89/
f113/
f126/
f128/
f130
f156/
f170
f180
f185
f191/
f201
f229/
f256/
f282
f291
f33/
f42
f5
f55/
f59/
f67
f69
f97
n100/
n102/
n109/
n22
n30/
n7/
n77/
n8
n95
Invalid operation
f185:47
f180:33
f170:17
n95:16
n22:15
d132:13
f97:12
d101/
d104
d109/
d124
d131
d132
d138/
d141/
d149
d152/
d156/
d175
d184/
d197/
d2
d201
d218
d22
d221
d232
d242
d26
d266
d279/
d282/
d287
d31
d73
d76
d87
d89/
f113/
f126/
f128/
f130
f156/
f17
f170
f180
f185
f191/
f201
f229/
f256/
f282
f291
f33/
f42
f5
f55/
f59/
f67
f69
f97
n100/
n102/
n109/
n22
n30/
n7/
n77/
n8
n95
/f185
Invalid operation
d151
d160
d176
d197/
d199/
d261
d268
d274
d285
d81/
d87
d88/
d93/
f11
f128/
f130/
f147
f149
f173
f20
f200
f208
f210
f214
f224/
f245/
f256
f28/
f296
f32/
f66
f73
f78/
f98
n102/
n117/
n36
n41/
n63/
n69/
n74
n76
n89
Invalid operation
d151
d160
d176
d197/
d199/
d259/
d261
d268
d274
d285
d81/
d87
d88/
d93/
f11
f128/
f130/
f147
f149
f173
f20
f200
f208
f210
f214
f224/
f245/
f256
f28/
f296
f32/
f66
f73
f78/
f98
n102/
n117/
n36
n41/
n63/
n69/
n74
n76
n89
d81:dir:0
Invalid operation
d81:dir:0
d81:dir:0
d151
d160
d176
d177
d197/
d199/
d261
d268
d274
d285
d81/
d87
d88/
d93/
f11
f128/
f130/
f147
f149
f173
f20
f200
f208
f210
f214
f224/
f245/
f256
f28/
f296
f55
f66
f73
f78/
f98
n102/
n117/
n36
n41/
n63/
n69/
n74
n76
n89
n36:21 77 00 44 6F 7D 95 00 00
Invalid operation
Invalid operation
Invalid operation
n36:35
d151
d160
d176
d197/
d199/
d261
d268
d274
d285
d81/
d87
d88/
d93/
f11
f128/
f130/
f147
f149
f173
f20
f200
f208
f210
f214
f224/
f245/
f256
f28/
f296
f30
f66
f73
f78/
f98
n102/
n117/
n36
n41/
n63/
n69/
n74
n76
n89
Invalid operation
Invalid operation
Invalid operation
Invalid operation
Invalid operation
Invalid operation
Null
/f191/n36
d151
d160
d176
d197/
d199/
d261
d268
d274
d285
d81/
d87
d88/
d93/
f11
f128/
f130/
f147
f149
f173
f20
f200
f208
f210
f214
f224/
f245/
f256
f28/
f296
f66
f73
f78/
f98
n102/
n117/
n36
n41/
n63/
n69/
n74
n76
n89
n36:7A 31 6C 24 F7 35 E4 CF 21 77 00 44 6F 7D
d219/
d228/
d7
f283/
d7:md:25
d7:25
Null
d7:7dsj8a683xu0axp--a w3_r4v
d219/
d228/
d7
f283/
d228:dir:0
Invalid operation
/f185
d156:dir:0
f180:00 00 00 E0 18 E3 CC
d228:dir:0
Invalid operation
d219/
d228/
f283/
/f185
d219/
d228/
f283/
Invalid operation
f185:8ouydo.yx5qcwj9of-68ma2 cijx5a1shw g97kg3xxuqxxonb-_fsu4iinvft9w tozvfh8 nhmf7_0cqx
Invalid operation
f185:8ouydo.yx5qcwj9of-68ma2 cijx5a1shw g97kg3xxuqxxonb-_fsu4iinvft9w tozvfh8 nhmf7_0cqxx5of 
Invalid operation
f180:00 2D E3 30 77
Invalid operation
f185:8ouydo.yx5qcwj9of-68ma2 cijx5a1shw g97kg3xxuqxxonb-_fsu4iinvft9w tozvfh8 nhmf7_0cqxx5of 
f185:8ouydo.yx5qcwj9of-68ma2 cijx5a1shw g97kg3xxuqxxonb-_fsu4iinvft9w tozvfh8 nhmf7_0cqxx5of 
d144:txt:10
Invalid operation
/n109/d268/d144
f180:09 00 00 00 00 00 B9 28 1A FB E7 71 F5 1F 3F
f180:3F 00 2D
d144
d151
f32/
f37
n93
d144:txt:10
n93:00 36 90 D3 2F DB E8
d144
d151
f32/
f37
n72/
n93
d144:-smzl6pn.3
d144:10
n93:8
d144:-smzl6pn.3-0 4pd54fn8_u9tn_
d144
d151
f32/
f37
n72/
n93
d219/
d228/
d268/
f283/
d228:dir:0
Null
Null
d228:dir:0
Invalid operation
d228:dir:0
f250:9
Invalid operation
Invalid operation
Invalid operation
d60:11
d10:10
d10
d219/
d223/
d228/
d268/
d60
f207/
f283/
d10
d219/
d223/
d228/
d268/
d60
f207/
f283/
d10
d219/
d223/
d228/
d268/
d60
f207/
f283/
Invalid operation
d210
n60/
Invalid operation
f1:16
f1:epux2.-yz1cygsd8
f1:16
Invalid operation
f1
n60/
Null
n60/
/n109/d228/d88
d88
d91/
f162/
f289
n60/
Invalid operation
Invalid operation
d88:00 60 FF 00 00 00
Invalid operation
Invalid operation
Invalid operation
Invalid operation
Invalid operation
d88:18
f289:0
Invalid operation
Invalid operation
d88:18
f289:0
d88:D2 AE 01
Invalid operation
d88:01 73
Invalid operation
Invalid operation
Null
Invalid operation
d28/
d88
d91/
f162/
f20/
f209/
f289
f42/
n2
n60/
d88:0C F2 9A 12 D2 AE C0 25 36 00
Invalid operation
d254
d28/
d88
d91/
f162/
f20/
f289
f42/
n2
n60/
d254
d28/
d88
d91/
f162/
f20/
f289
f42/
n2
n60/
/n109/d228/d88
d88:20
n2:11
d130:3
Invalid operation
d130
d254
d266
d28/
d88
d91/
f162/
f18
f20/
f289
f42/
n2
n60/
d88:22
n2:11
d130:3
Invalid operation
d275:3
d275
d130
d254
d275/
d28/
d88
d91/
f162/
f20/
f289
f42/
n2
n50
n60/
d88:19
d88:19
n2:11
d130:3
d254:3
n50:1
f289:0
Invalid operation
Invalid operation
Null
Invalid operation
d88:bin:19
Invalid operation
Invalid operation
d130
d254
d275/
d28/
d284
d88
d91/
f162/
f20/
f289
f42/
n2
n50
n52
n60/
d88:00 00 00 00 3A B7 00
Null
Invalid operation
d88:19
Invalid operation
d88:25
d88:18
n2:11
d130:3
d254:3
n50:1
f289:0
Invalid operation
Invalid operation
f227
Invalid operation
f227
Invalid operation
Invalid operation
Invalid operation
d10:21
d60:11
Invalid operation
d10
d219/
d223/
d228/
d268/
d60
f207/
f26
f283/
f95/
Invalid operation
Invalid operation
Invalid operation
Invalid operation
Invalid operation
/n109/d10
Invalid operation
Invalid operation
f267/
f267/
Invalid operation
d10:EE E6 42 95 32 00 00 00 CA 65 D8
Invalid operation
d228:dir:0
Invalid operation
d228:dir:0
Invalid operation
d73:zyy-q8h-x2
/n109/d10
Invalid operation
d234/
f185/
f267/
Invalid operation
f185:dir:0
/n109/d10
d234/
f185/
f267/
d106:
Invalid operation
Invalid operation
Invalid operation
f27:bin:3
f27:7
f27:bin:7
Invalid operation
/n109/d39/d234/f27
Invalid operation
f201
f27
f27:bin:7
Invalid operation
d182
d204
d297
f201
f254/
f27
f77
Null
Invalid operation
Invalid operation
f27:33 00 00 00 42 00 94
f27:bin:14
d170/
d182
d204
d297
f201
f254/
f27
f77
Null
f27:bin:14
Invalid operation
Invalid operation
f27:bin:13
Invalid operation
d170/
d182
d297
f105
f201
f254/
f27
f30/
f44/
f77
n65
Invalid operation
d170/
d182
d297
f105
f201
f254/
f27
f30/
f44/
f77
n65
/n109/d39/d234/f27
Null
Invalid operation
Invalid operation
Invalid operation
d106:x
d10:D7 5E 02 83 AB C1
d10:E6 42 95 32 00 95 11 AA 38 98 3B B5 93 EE 1E 00 00 D7 5E 02 83 AB
Invalid operation
Invalid operation
Invalid operation
Invalid operation
Invalid operation
Invalid operation
Invalid operation
d170/
d182
d297
f105
f194
f201
f25
f254/
f27
f30/
f44/
f77
n65
d234/
f185/
f267/
f97
n104
d10:83 AB
Invalid operation
Invalid operation
Invalid operation
Invalid operation
Null
Invalid operation
Invalid operation
d150:6
d15:0
Invalid operation
d15
d150
d234/
f185/
f267/
n116/
d15
d150
d234/
f185/
f267/
n116/
d15
d150
d234/
f185/
f267/
n116/
Invalid operation
/n109/d39/d15
Invalid operation
d15:00 00
d15
d234/
f185/
f267/
n116/
n87/
d15:DC 17 F6
d15
d234/
f185/
f267/
n116/
n87/
Invalid operation
Invalid operation
Invalid operation
Null
d106/
d15
d234/
f121
f185/
f195/
f267/
n116/
n22
n87/
Invalid operation
/n109/d39/d15
/n109/d39/d15
Invalid operation
Invalid operation
Invalid operation
d15
d234/
d271/
f185/
f195/
f267/
n116/
n22
n87/
d15
d234/
d271/
f122
f185/
f195/
f267/
n10
n116/
n87/
Invalid operation
Invalid operation
Invalid operation
Invalid operation
Invalid operation
d10:29
d10:29
d60:11
f26:3
d10
d219/
d223/
d228/
d268/
d39/
d60
d62/
f207/
f26
f283/
f95/
Invalid operation
Invalid operation
Invalid operation
f185:88
f180:27
f170:17
n95:16
n22:15
d132:13
f97:12
f185:8ouydo.yx5qcwj9of-68ma2 cijx5a1shw g97kg3xxuqxxonb-_fsu4iinvft9w tozvfh8 nhmf7_0cqxx5of 
f191:dir:0
d101/
d104
d109/
d124
d131
d132
d138/
d141/
d149
d152/
d156/
d175
d179
d184/
d197/
d2
d201
d218
d22
d221
d232
d242
d26
d266
d279/
d282/
d287
d31
d73
d76
d87
d89/
f113/
f126/
f128/
f130
f156/
f17
f170
f180
f185
f191/
f201
f229/
f256/
f282
f291
f33/
f42
f5
f55/
f59/
f67
f69
f97
n100/
n102/
n109/
n22
n30/
n7/
n77/
n8
n95
Invalid operation
d10:4F B2 84 1D 9A 00 95 11 AA 38 98 3B B5 93 EE 1E 00 00 D7 5E 02 83 AB
/n109/d10
d10:5E 02 83 AB
Invalid operation
d10
d219/
d223/
d228/
d268/
d39/
d60
d62/
f207/
f26
f283/
f95/
Invalid operation
Invalid operation
d228:dir:0
d228:dir:0
Invalid operation
Invalid operation
Invalid operation
Invalid operation
d157:bin:1
d10
d219/
d223/
d228/
d268/
d39/
d60
d62/
f207/
f242
f26
f283/
f95/
Invalid operation
Invalid operation
Invalid operation
Invalid operation
Invalid operation
/n109/d10
d10:29
f242:5
Null
Invalid operation
f144:14
f242:5
f26:3
f245:0
Invalid operation
Invalid operation
f180:0D 4B 06 08 3F 00 2D E3 30 77
f26:phc
Null
Invalid operation
f180:77 FF 00
f26:phc
Invalid operation
Invalid operation
/f185
f185:88
f180:24
Invalid operation
Invalid operation
/f191/n36
Invalid operation
d151
d160
d176
d197/
d199/
d261
d274
d285
d81/
d87
d88/
d93/
f11
f128/
f130/
f147
f149
f173
f20
f200
f208
f210
f214
f224/
f245/
f256
f28/
f296
f66
f73
f78/
f98
n102/
n117/
n36
n41/
n63/
n69/
n74
n76
n89
d151
d160
d176
d197/
d199/
d261
d274
d285
d81/
d87
d88/
d93/
f11
f128/
f130/
f147
f149
f173
f20
f200
f208
f210
f214
f224/
f245/
f256
f28/
f296
f66
f73
f78/
f98
n102/
n117/
n36
n41/
n63/
n69/
n74
n76
n89
Null
d151
d160
d176
d197/
d199/
d261
d274
d285
d81/
d87
d88/
d93/
f11
f128/
f130/
f147
f149
f173
f20
f200
f208
f210
f214
f224/
f245/
f256
f28/
f296
f66
f73
f78/
f98
n102/
n117/
n36
n41/
n63/
n69/
n74
n76
n89
Invalid operation
Invalid operation
Invalid operation
Invalid operation
d81:dir:0
Invalid operation
Invalid operation
d151
d153/
d160
d176
d197/
d199/
d261
d274
d285
d81/
d87
d88/
d93/
f11
f113
f128/
f130/
f147
f149
f173
f20
f200
f208
f210
f214
f224/
f245/
f256
f28/
f296
f66
f73
f78/
f98
n102/
n117/
n36
n41/
n60
n63/
n69/
n74
n89
Invalid operation
Invalid operation
Invalid operation
f185:88
f180:24
f170:17
n95:16
n22:15
d132:13
f58:13
f97:12
f185:88
f180:24
f170:17
n95:16
n22:15
d132:13
f58:13
f97:12
d101/
d104
d109/
d124
d131
d132
d137
d138/
d141/
d149
d152/
d156/
d175
d179
d184/
d197/
d2
d201
d218
d22
d221
d232
d242
d266
d279/
d282/
d287
d31
d73
d76
d87
d89/
f113/
f117
f126/
f128/
f130
f156/
f17
f170
f180
f185
f191/
f201
f229/
f256/
f282
f291
f33/
f42
f5
f55/
f58
f59/
f67
f69
f97
n100/
n102/
n109/
n22
n30/
n7/
n77/
n8
n95
Invalid operation
Invalid operation
Invalid operation
Invalid operation
Invalid operation
d101/
d104
d109/
d124
d131
d132
d137
d138/
d141/
d149
d152/
d156/
d175
d179
d184/
d197/
d2
d201
d218
d22
d221
d232
d242
d266
d279/
d282/
d287
d31
d73
d76
d87
d89/
f113/
f117
f126/
f128/
f130
f140
f156/
f17
f170
f180
f185
f191/
f201
f229/
f256/
f282
f291
f33/
f42
f5
f55/
f58
f59/
f67
f69
f97
n100/
n102/
n109/
n22
n30/
n69
n7/
n77/
n8
n95
f191:dir:0
Invalid operation
f180:3E 28 57 36 B3 0D 4B 06 08
d101/
d104
d109/
d124
d131
d132
d137
d138/
d141/
d149
d152/
d156/
d175
d179
d184/
d197/
d2
d201
d218
d22
d221
d232
d242
d266
d279/
d282/
d287
d292/
d31
d73
d76
d87
d89/
f113/
f117
f126/
f128/
f130
f140
f156/
f17
f170
f180
f185
f191/
f201
f229/
f256/
f282
f291
f33/
f42
f5
f55/
f58
f59/
f67
f69
f97
n100/
n102/
n109/
n22
n30/
n69
n7/
n77/
n8
n95
f185:88
f180:28
f170:17
n69:17
n95:16
Null
d101/
d104
d109/
d124
d131
d132
d137
d138/
d141/
d149
d152/
d156/
d175
d179
d184/
d197/
d2
d201
d218
d22
d221
d232
d242
d266
d279/
d282/
d287
d292/
d31
d73
d76
d87
d89/
f113/
f117
f126/
f128/
f130
f140
f156/
f17
f170
f180
f185
f191/
f201
f229/
f256/
f282
f291
f33/
f42
f5
f55/
f58
f59/
f67
f69
f97
n100/
n102/
n109/
n22
n30/
n69
n7/
n77/
n8
n95
Invalid operation
Null
d101/
d104
d109/
d124
d131
d132
d137
d138/
d141/
d149
d152/
d156/
d175
d179
d184/
d197/
d2
d201
d218
d22
d221
d232
d242
d262
d266
d279/
d282/
d287
d292/
d31
d73
d76
d87
d89/
f113/
f117
f126/
f128/
f130
f140
f156/
f17
f170
f180
f185
f191/
f201
f229/
f256/
f282
f291
f33/
f42
f5
f55/
f58
f59/
f67
f69
f97
n100/
n102/
n109/
n22
n30/
n69
n7/
n75
n77/
n8
n95
/f185
f185:88
f180:32
f170:17
n69:17
n95:16
d262:15
n22:15
d132:13
f185:8ouydo.yx5qcwj9of-68ma2 cijx5a1shw g97kg3xxuqxxonb-_fsu4iinvft9w tozvfh8 nhmf7_0cqxx5of 
/f185
Invalid operation
d101/
d104
d109/
d124
d131
d132
d137
d138/
d14
d141/
d149
d152/
d156/
d175
d179
d184/
d197/
d2
d201
d218
d22
d221
d232
d242
d262
d266
d279/
d282/
d287
d292/
d31
d73
d76
d87
d89/
f113/
f117
f126/
f128/
f130
f140
f143
f156/
f17
f170
f180
f185
f191/
f201
f221/
f229/
f256/
f270
f278
f282
f291
f33/
f42
f5
f55/
f58
f59/
f67
f69
f97
n100/
n102/
n109/
n22
n30/
n69
n7/
n75
n77/
n8
n95
f185:8ouydo.yx5qcwj9of-68ma2 cijx5a1shw g97kg3xxuqxxonb-_fsu4iinvft9w tozvfh8 nhmf7_0cqxx5of _5vznfef_
f185:8ouydo.yx5qcwj9of-68ma2 cijx5a1shw g97kg3xxuqxxonb-_fsu4iinvft9w tozvfh8 nhmf7_0cqxx5of _5vznfef_
Invalid operation
f180:37 3E 28 57 14 14
f191:dir:0
f191:dir:0
f191:dir:0
f180:86
d101/
d104
d109/
d124
d131
d132
d137
d138/
d14
d141/
d149
d152/
d156/
d175
d179
d184/
d197/
d2
d201
d218
d22
d221
d232
d242
d262
d266
d279/
d282/
d287
d292/
d31
d73
d76
d87
d89/
d97/
f113/
f117
f126/
f128/
f130
f140
f143
f156/
f159
f17
f170
f180
f185
f191/
f201
f22
f221/
f229/
f256/
f270
f278
f282
f291
f33/
f41/
f42
f5
f55/
f58
f59/
f60
f67
f69
f97
n100/
n102/
n109/
n22
n30/
n69
n7/
n77/
n8
n82
n95
f180:7B 5F
Invalid operation
Invalid operation
Null
d101/
d104
d109/
d124
d131
d132
d137
d138/
d14
d141/
d149
d152/
d156/
d175
d179
d184/
d197/
d2
d201
d218
d22
d221
d232
d242
d262
d266
d279/
d282/
d287
d292/
d31
d73
d76
d87
d89/
d97/
f113/
f117
f126/
f128/
f130
f140
f143
f156/
f159
f17
f170
f180
f185
f191/
f201
f22
f221/
f229/
f256/
f270
f278
f282
f291
f33/
f41/
f42
f5
f55/
f58
f59/
f60
f67
f69
f97
n100/
n102/
n109/
n22
n30/
n69
n7/
n77/
n8
n82
n95
f185:8ouydo.yx5qcwj9of-68ma2 cijx5a1shw g97kg3xxuqxxonb-_fsu4iinvft9w tozvfh8 nhmf7_0cqxx5of _5vznfef_-o71tg thd_0b2bkwzg99vhu4 x
f191:dir:0
d101/
d104
d109/
d124
d131
d132
d137
d138/
d14
d141/
d149
d152/
d156/
d175
d179
d184/
d197/
d2
d201
d218
d22
d221
d232
d242
d262
d266
d279/
d282/
d287
d292/
d31
d73
d76
d87
d89/
d97/
f11/
f113/
f117
f126/
f128/
f130
f140
f143
f156/
f159
f160/
f17
f170
f180
f185
f191/
f201
f22
f221/
f229/
f256/
f270
f278
f282
f291
f33/
f41/
f42
f5
f55/
f58
f59/
f60
f67
f69
f97
n100/
n102/
n109/
n22
n30/
n69
n7/
n77/
n8
n82
n95
Invalid operation
f191:dir:0
f185:8ouydo.yx5qcwj9of-68ma2 cijx5a1shw g97kg3xxuqxxonb-_fsu4iinvft9w tozvfh8 nhmf7_0cqxx5of _5vznfef_-o71tg thd_0b2bkwzg99vhu4 x
Invalid operation
f185:8ouydo.yx5qcwj9of-68ma2 cijx5a1shw g97kg3xxuqxxonb-_fsu4iinvft9w tozvfh8 nhmf7_0cqxx5of _5vznfef_-o71tg thd_0b2bkwzg99vhu4 x
/f221/n74
f298:txt:0
f298
f298:txt:0
/f185
Invalid operation
f180:FE 42 9B BD
/f185
f185:136
f180:36
f170:17
n40:17
n69:17
n95:16
d262:15
Invalid operation
Invalid operation
d108
d71/
/d262
d108:md:11
f191:dir:0
d101/
d104
d109/
d11
d124
d131
d132
d137
d138/
d14
d141/
d149
d152/
d156/
d175
d179
d184/
d197/
d2
d201
d217
d218
d22
d221
d232
d242
d262
d266
d279/
d282/
d287
d292/
d31
d58
d73
d76
d78
d87
d89/
d97/
f11/
f113/
f117
f126/
f128/
f130
f140
f143
f156/
f159
f160/
f17
f170
f180
f185
f191/
f201
f221/
f229/
f231/
f250
f256/
f270
f278
f282
f288
f291
f33/
f41/
f42
f5
f55/
f58
f59/
f60
f67
f69
f97
n100/
n102/
n109/
n17
n22
n30/
n40
n5
n69
n7/
n77/
n8
n82
n95
f191:dir:0
Invalid operation
f185:139
f180:35
f170:17
n40:17
f180:57 14 14 A4 E8 CD 77
/f185
f185:8ouydo.yx5qcwj9of-68ma2 cijx5a1shw g97kg3xxuqxxonb-_fsu4iinvft9w tozvfh8 nhmf7_0cqxx5of _5vznfef_-o71tg thd_0b2bkwzg99vhu4 x3e7iycydo_1np 4
d101/
d104
d109/
d11
d124
d131
d132
d137
d138/
d14
d141/
d149
d152/
d156/
d175
d179
d184/
d197/
d2
d201
d217
d218
d22
d221
d232
d242
d262
d266
d279/
d282/
d287
d292/
d31
d58
d73
d76
d78
d87
d89/
d97/
f11/
f112
f113/
f117
f126/
f128/
f130
f140
f143
f156/
f159
f160/
f17
f170
f180
f185
f186
f191/
f201
f208
f221/
f229/
f231/
f250
f256/
f270
f278
f282
f288
f291
f33/
f41/
f42
f5
f55/
f58
f59/
f60
f67
f69
f97
n100/
n102/
n109/
n17
n22
n30/
n40
n5
n69
n7/
n77/
n8
n82
n95
f180:3E 28
f185:8ouydo.yx5qcwj9of-68ma2 cijx5a1shw g97kg3xxuqxxonb-_fsu4iinvft9w tozvfh8 nhmf7_0cqxx5of _5vznfef_-o71tg thd_0b2bkwzg99vhu4 x3e7iycydo_1np 4xv7.9k_vr
Invalid operation
f185:148
Invalid operation
f180:28 57
f180:00
Invalid operation
Invalid operation
d101/
d104
d109/
d124
d131
d132
d137
d138/
d14
d141/
d149
d152/
d156/
d175
d179
d184/
d197/
d2
d201
d217
d218
d22
d221
d227/
d232
d242
d262
d266
d279/
d282/
d287
d292/
d31
d58
d73
d76
d78
d87
d89/
d97/
f11/
f113/
f117
f126/
f128/
f130
f140
f143
f156/
f159
f160/
f17
f170
f180
f185
f186
f191/
f201
f208
f221/
f229/
f231/
f250
f254/
f256/
f270
f278
f282
f288
f291
f33/
f41/
f42
f5
f55/
f58
f59/
f60
f67
f69
f97
n100/
n102/
n109/
n17
n22
n30/
n5
n69
n7/
n77/
n8
n82
n85
n95
f180:00 00 00
f180:00 00
Invalid operation
f185:8ouydo.yx5qcwj9of-68ma2 cijx5a1shw g97kg3xxuqxxonb-_fsu4iinvft9w tozvfh8 nhmf7_0cqxx5of _5vznfef_-o71tg thd_0b2bkwzg99vhu4 x3e7iycydo_1np 4xv7.9k_vrc7xtdpvc.pzhb
f180:44
Invalid operation
f191:dir:0
f180:91 FE 42 9B DA AA 1E 4F 3E 28 57 14 14 A4 E8 CD 77 3F 00 2D E3 30 77 FF 00 00 70 44 BB
Invalid operation
f185:8ouydo.yx5qcwj9of-68ma2 cijx5a1shw g97kg3xxuqxxonb-_fsu4iinvft9w tozvfh8 nhmf7_0cqxx5of _5vznfef_-o71tg thd_0b2bkwzg99vhu4 x3e7iycydo_1np 4xv7.9k_vrc7xtdpvc.pzhb
f185:161
f180:31
f170:17
n69:17
n95:16
d262:15
f143:15
Invalid operation
f180:9B DA AA 1E 4F 3E 28 57 14 14 A4 E8 CD 77 3F 00 2D E3 30 77
Invalid operation
f191:dir:0
f180:2D E3 30 77 FF 00 00
/d132
Invalid operation
Null
f185:173
f180:32
Null
f180:14 A4 E8 CD 77 3F 00 2D E3
Invalid operation
Null
f180:00 2D E3 30 77 FF
f185:8ouydo.yx5qcwj9of-68ma2 cijx5a1shw g97kg3xxuqxxonb-_fsu4iinvft9w tozvfh8 nhmf7_0cqxx5of _5vznfef_-o71tg thd_0b2bkwzg99vhu4 x3e7iycydo_1np 4xv7.9k_vrc7xtdpvc.pzhb95tqntp_zfgu_ke_2iitjwg6wbo
Invalid operation
Invalid operation
Invalid operation
Invalid operation
f197/
f298/
Invalid operation
Invalid operation
f197/
f180:FE 42 9B DA AA 1E 4F 3E 28 57 14 14 A4 E8 CD 77 3F 00 2D E3 30
d235:4
Invalid operation
f112/
f197/
Null
f185:8ouydo.yx5qcwj9of-68ma2 cijx5a1shw g97kg3xxuqxxonb-_fsu4iinvft9w tozvfh8 nhmf7_0cqxx5of _5vznfef_-o71tg thd_0b2bkwzg99vhu4 x3e7iycydo_1np 4xv7.9k_vrc7xtdpvc.pzhb95tqntp_zfgu_ke_2iitjwg6wbo
f185:8ouydo.yx5qcwj9of-68ma2 cijx5a1shw g97kg3xxuqxxonb-_fsu4iinvft9w tozvfh8 nhmf7_0cqxx5of _5vznfef_-o71tg thd_0b2bkwzg99vhu4 x3e7iycydo_1np 4xv7.9k_vrc7xtdpvc.pzhb95tqntp_zfgu_ke_2iitjwg6wbo
f185:8ouydo.yx5qcwj9of-68ma2 cijx5a1shw g97kg3xxuqxxonb-_fsu4iinvft9w tozvfh8 nhmf7_0cqxx5of _5vznfef_-o71tg thd_0b2bkwzg99vhu4 x3e7iycydo_1np 4xv7.9k_vrc7xtdpvc.pzhb95tqntp_zfgu_ke_2iitjwg6wbo
/f185
f112/
f197/
f266/
Invalid operation
Invalid operation
f180:E2 57 14 14 A4 E8 CD 77 3F 00 2D E3 30 77 FF 00 00 70 44
f112/
f197/
f266/
n99/
f112/
f197/
f266/
/f185
f185:8ouydo.yx5qcwj9of-68ma2 cijx5a1shw g97kg3xxuqxxonb-_fsu4iinvft9w tozvfh8 nhmf7_0cqxx5of _5vznfef_-o71tg thd_0b2bkwzg99vhu4 x3e7iycydo_1np 4xv7.9k_vrc7xtdpvc.pzhb95tqntp_zfgu_ke_2iitjwg6wbo
f180:9B DA AA
Invalid operation
Invalid operation
Invalid operation
Null
Invalid operation
d235:txt:11
d235:txt:11
f185:188
f180:32
f170:17
n69:17
d101/
d104
d109/
d124
d131
d132
d137
d138/
d14
d141/
d149
d152/
d156/
d175
d179
d182/
d184/
d197/
d2
d201
d204/
d217
d218
d22
d221
d227/
d232
d235
d242
d262
d266
d279/
d282/
d287
d292/
d31
d58
d73
d76
d78
d87
d89/
d97/
f11/
f113/
f117
f126/
f128/
f130
f140
f143
f156/
f160/
f17
f170
f174/
f180
f185
f186
f191/
f195/
f201
f208
f221/
f229/
f231/
f250
f254/
f256/
f26
f270
f272/
f278
f282
f288
f291
f292/
f297
f33/
f41/
f42
f5
f55/
f58
f59/
f60
f67
f68/
f69
f97
n100/
n102/
n109/
n17
n22
n30/
n5
n69
n7/
n77/
n8
n82
n85
n95
Invalid operation
Invalid operation
Null
Invalid operation
Invalid operation
Invalid operation
Invalid operation
d101/
d104
d109/
d124
d131
d132
d137
d138/
d14
d141/
d149
d152/
d156/
d175
d179
d182/
d184/
d197/
d2
d201
d204/
d210
d217
d218
d22
d221
d227/
d232
d235
d242
d262
d266
d279/
d282/
d287
d292/
d31
d35/
d58
d73
d76
d78
d87
d89/
d97/
f11/
f113/
f117
f126/
f128/
f130
f140
f143
f156/
f160/
f17
f170
f174/
f180
f185
f186
f191/
f195/
f200/
f201
f208
f221/
f229/
f231/
f250
f254/
f256/
f26
f270
f272/
f278
f279/
f282
f288
f291
f292/
f297
f33/
f38
f41/
f42
f5
f55/
f58
f59/
f60
f67
f68/
f69
f97
n100/
n102/
n109/
n17
n22
n30/
n5
n69
n7/
n77/
n8
n82
n85
n95
Invalid operation
f185:188
f180:32
d235:27
Invalid operation
Invalid operation
Invalid operation
Invalid operation
Invalid operation
Invalid operation
f156:dir:0
Invalid operation
Invalid operation
/d242
d101/
d104
d109/
d124
d131
d132
d137
d138/
d14
d141/
d149
d152/
d156/
d175
d179
d182/
d184/
d197/
d2
d201
d204/
d210
d217
d218
d22
d221
d227/
d232
d235
d242
d262
d266
d279/
d282/
d287
d292/
d31
d35/
d58
d60
d73
d76
d78
d87
d89/
d97/
f11/
f113/
f117
f126/
f128/
f130
f140
f143
f156/
f160/
f17
f170
f174/
f180
f185
f186
f191/
f195/
f200/
f201
f208
f221/
f229/
f231/
f250
f254/
f256/
f26
f270
f272/
f278
f279/
f282
f288
f291
f292/
f297
f33/
f38
f41/
f42
f5
f55/
f58
f59/
f60
f67
f68/
f69
f80/
f97
n100/
n102/
n109/
n17
n22
n30/
n5
n69
n7/
n77/
n8
n82
n85
n95
Invalid operation
d101/
d104
d109/
d124
d131
d132
d137
d138/
d14
d141/
d149
d152/
d156/
d175
d179
d182/
d184/
d197/
d2
d201
d204/
d210
d217
d218
d22
d221
d227/
d232
d235
d242
d262
d266
d279/
d282/
d287
d292/
d31
d35/
d58
d60
d73
d76
d78
d87
d89/
d97/
f11/
f113/
f117
f126/
f128/
f130
f140
f143
f156/
f160/
f17
f170
f174/
f180
f185
f186
f191/
f195/
f200/
f201
f208
f221/
f229/
f231/
f250
f254/
f256/
f26
f262/
f270
f272/
f278
f279/
f282
f288
f291
f292/
f297
f33/
f38
f41/
f42
f5
f55/
f58
f59/
f60
f67
f68/
f69
f80/
f97
n100/
n102/
n109/
n17
n22
n30/
n5
n69
n7/
n77/
n8
n82
n85
n95
d101/
d104
d109/
d124
d131
d132
d137
d138/
d14
d141/
d149
d152/
d156/
d175
d179
d182/
d184/
d197/
d2
d201
d204/
d210
d217
d218
d22
d221
d227/
d232
d235
d242
d262
d266
d279/
d282/
d287
d292/
d31
d35/
d58
d60
d73
d76
d78
d87
d89/
d97/
f11/
f113/
f117
f126/
f128/
f130
f140
f143
f156/
f160/
f17
f170
f174/
f180
f185
f186
f191/
f195/
f200/
f201
f208
f221/
f229/
f231/
f250
f254/
f256/
f26
f262/
f270
f272/
f278
f279/
f282
f288
f291
f292/
f297
f33/
f38
f41/
f42
f5
f55/
f58
f59/
f60
f67
f68/
f69
f80/
f97
n100/
n102/
n109/
n17
n22
n30/
n5
n69
n7/
n77/
n8
n82
n85
n95
Invalid operation
Invalid operation
f185:188
f180:32
d235:27
f170:17
n69:17
d101/
d104
d109/
d124
d131
d132
d137
d138/
d14
d141/
d149
d152/
d156/
d175
d179
d182/
d184/
d197/
d2
d201
d204/
d210
d217
d218
d22
d221
d227/
d232
d235
d242
d262
d266
d276/
d279/
d282/
d287
d292/
d31
d35/
d58
d60
d73
d76
d78
d87
d89/
d97/
f11/
f113/
f117
f126/
f128/
f130
f140
f143
f156/
f160/
f17
f170
f174/
f180
f183
f185
f186
f191/
f195/
f200/
f201
f208
f221/
f229/
f231/
f250
f254/
f256/
f26
f262/
f270
f272/
f278
f279/
f282
f288
f291
f292/
f297
f33/
f38
f41/
f42
f5
f55/
f58
f59/
f60
f67
f68/
f69
f80/
f97
n100/
n102/
n109/
n17
n22
n30/
n5
n69
n7/
n77/
n8
n82
n85
n95
d101/
d104
d109/
d124
d131
d132
d137
d138/
d14
d141/
d149
d152/
d156/
d175
d179
d182/
d184/
d197/
d2
d201
d204/
d210
d217
d218
d22
d221
d227/
d232
d235
d242
d262
d266
d276/
d279/
d282/
d287
d292/
d31
d35/
d58
d60
d73
d76
d78
d87
d89/
d97/
f11/
f113/
f117
f126/
f128/
f130
f140
f143
f156/
f160/
f17
f170
f174/
f180
f183
f185
f186
f191/
f195/
f200/
f201
f208
f221/
f229/
f231/
f250
f254/
f256/
f26
f262/
f270
f272/
f278
f279/
f282
f288
f291
f292/
f297
f33/
f38
f41/
f42
f5
f55/
f58
f59/
f60
f67
f68/
f69
f80/
f97
n100/
n102/
n109/
n17
n22
n30/
n5
n69
n7/
n77/
n8
n82
n85
n95
f185:188
f180:32
d235:27
f170:17
Invalid operation
d101/
d104
d109/
d124
d131
d132
d137
d138/
d14
d141/
d149
d152/
d156/
d175
d179
d182/
d184/
d197/
d2
d201
d203
d204/
d210
d217
d218
d22
d221
d227/
d232
d235
d242
d262
d266
d276/
d279/
d282/
d287
d292/
d31
d35/
d58
d60
d73
d76
d78
d87
d89/
d97/
f11/
f113/
f117
f126/
f128/
f130
f140
f143
f156/
f160/
f17
f170
f174/
f180
f183
f185
f186
f191/
f195/
f200/
f201
f208
f221/
f229/
f231/
f250
f254/
f256/
f26
f262/
f270
f272/
f278
f279/
f282
f288
f291
f292/
f297
f33/
f38
f41/
f42
f5
f55/
f58
f59/
f60
f67
f68/
f69
f80/
f97
n100/
n102/
n109/
n17
n22
n30/
n5
n69
n7/
n77/
n8
n82
n85
n95
Invalid operation
f185:188
f180:32
Invalid operation
Invalid operation
Invalid operation
d101/
d104
d109/
d124
d131
d132
d137
d138/
d14
d141/
d149
d152/
d156/
d175
d179
d182/
d184/
d197/
d2
d201
d203
d204/
d210
d217
d218
d22
d221
d227/
d232
d235
d242
d262
d266
d276/
d279/
d282/
d287
d292/
d31
d35/
d58
d60
d73
d76
d78
d87
d89/
d97/
f11/
f113/
f117
f126/
f128/
f130
f140
f143
f156/
f160/
f17
f170
f174/
f180
f183
f185
f186
f191/
f195/
f200/
f201
f208
f221/
f229/
f231/
f250
f254/
f256/
f26
f262/
f270
f272/
f278
f279/
f282
f288
f291
f292/
f297
f33/
f38
f41/
f42
f5
f55/
f58
f59/
f60
f67
f68/
f69
f80/
f97
n100/
n102/
n109/
n17
n22
n30/
n5
n69
n7/
n77/
n8
n82
n85
n95
Invalid operation
Invalid operation
f185:188
f180:32
d235:27
f170:17
n69:17
Invalid operation
f180:CD 04 7F
f185:8ouydo.yx5qcwj9of-68ma2 cijx5a1shw g97kg3xxuqxxonb-_fsu4iinvft9w tozvfh8 nhmf7_0cqxx5of _5vznfef_-o71tg thd_0b2bkwzg99vhu4 x3e7iycydo_1np 4xv7.9k_vrc7xtdpvc.pzhb95tqntp_zfgu_ke_2iitjwg6wbo39-ph_2h58qhzgb
Invalid operation
f157:bin:0
f180:07 DA AA F9 F1 3E E2 57 14 14 A4 E8 CD 04 7F 71 2D
f185:8ouydo.yx5qcwj9of-68ma2 cijx5a1shw g97kg3xxuqxxonb-_fsu4iinvft9w tozvfh8 nhmf7_0cqxx5of _5vznfef_-o71tg thd_0b2bkwzg99vhu4 x3e7iycydo_1np 4xv7.9k_vrc7xtdpvc.pzhb95tqntp_zfgu_ke_2iitjwg6wbo39-ph_2h58qhzgb
/f185
f185:203
f180:32
d235:27
Invalid operation
Invalid operation
Invalid operation
Invalid operation
f157:3E
f180:8F 2B C8 03
Invalid operation
Invalid operation
d101/
d104
d109/
d12
d124
d131
d132
d137
d138/
d14
d141/
d149
d152/
d156/
d175
d179
d182/
d184/
d197/
d2
d201
d203
d204/
d210
d217
d218
d22
d221
d227/
d232
d235
d242
d262
d266
d276/
d279/
d282/
d287
d292/
d31
d35/
d58
d60
d73
d76
d78
d87
d89/
d97/
f11/
f113/
f117
f126/
f128/
f130
f140
f143
f156/
f160/
f17
f170
f174/
f180
f183
f185
f186
f191/
f195/
f200/
f201
f208
f221/
f229/
f231/
f250
f254/
f256/
f26
f262/
f270
f272/
f276
f278
f279/
f282
f288
f291
f292/
f297
f33/
f38
f41/
f42
f5
f55/
f58
f59/
f60
f67
f68/
f69
f73
f80/
f97
n100/
n102/
n109/
n17
n22
n30/
n5
n69
n7/
n77/
n8
n82
n85
n95
d101/
d104
d109/
d12
d124
d131
d132
d137
d138/
d14
d141/
d149
d152/
d156/
d175
d179
d182/
d184/
d197/
d2
d201
d203
d204/
d210
d217
d218
d22
d221
d227/
d232
d235
d242
d262
d266
d276/
d279/
d282/
d287
d292/
d31
d35/
d58
d60
d73
d76
d78
d87
d89/
d97/
f11/
f113/
f117
f126/
f128/
f130
f140
f143
f156/
f160/
f17
f170
f174/
f180
f183
f185
f186
f191/
f195/
f200/
f201
f208
f221/
f229/
f231/
f250
f254/
f256/
f26
f262/
f270
f272/
f276
f278
f279/
f282
f288
f291
f292/
f297
f33/
f38
f41/
f42
f5
f55/
f58
f59/
f60
f67
f68/
f69
f73
f80/
n100/
n102/
n109/
n112/
n17
n22
n30/
n5
n69
n7/
n77/
n8
n82
n85
n95
Invalid operation
f185:8ouydo.yx5qcwj9of-68ma2 cijx5a1shw g97kg3xxuqxxonb-_fsu4iinvft9w tozvfh8 nhmf7_0cqxx5of _5vznfef_-o71tg thd_0b2bkwzg99vhu4 x3e7iycydo_1np 4xv7.9k_vrc7xtdpvc.pzhb95tqntp_zfgu_ke_2iitjwg6wbo39-ph_2h58qhzgbljka9s6
d101/
d104
d109/
d12
d124
d131
d132
d137
d138/
d14
d141/
d149
d152/
d156/
d175
d179
d182/
d184/
d197/
d2
d201
d203
d204/
d210
d217
d218
d22
d221
d227/
d232
d235
d242
d262
d266
d276/
d279/
d282/
d287
d292/
d31
d35/
d58
d60
d73
d76
d78
d87
d89/
d97/
f11/
f113/
f117
f126/
f128/
f130
f140
f143
f156/
f160/
f17
f170
f174/
f180
f183
f185
f186
f191/
f195/
f200/
f201
f208
f221/
f229/
f231/
f250
f254/
f256/
f26
f262/
f270
f272/
f276
f278
f279/
f282
f288
f291
f292/
f297
f33/
f38
f41/
f42
f5
f55/
f58
f59/
f60
f67
f68/
f69
f73
f80/
n100/
n102/
n109/
n112/
n17
n22
n30/
n5
n69
n7/
n77/
n8
n82
n85
n95
f185:210
f180:32
d235:27
f170:17
n69:17
d203:16
n95:16
Invalid operation
d101/
d104
d109/
d12
d124
d131
d132
d137
d138/
d14
d141/
d149
d152/
d156/
d175
d179
d182/
d184/
d197/
d2
d201
d203
d204/
d210
d217
d218
d22
d221
d227/
d232
d235
d242
d262
d266
d276/
d279/
d282/
d287
d292/
d31
d35/
d58
d60
d73
d76
d78
d87
d89/
d97/
d98
f11/
f113/
f117
f126/
f128/
f130
f140
f143
f156/
f160/
f17
f170
f174/
f180
f183
f185
f186
f191/
f195/
f200/
f201
f208
f221/
f229/
f231/
f250
f254/
f256/
f26
f262/
f270
f272/
f276
f278
f279/
f282
f288
f291
f292/
f297
f33/
f38
f41/
f42
f5
f55/
f58
f59/
f60
f67
f68/
f69
f73
f80/
n100/
n102/
n109/
n112/
n17
n22
n30/
n5
n69
n7/
n77/
n8
n82
n85
n95
Invalid operation
f191:dir:0
d101/
d104
d109/
d12
d124
d131
d132
d137
d138/
d14
d141/
d149
d152/
d156/
d175
d179
d182/
d184/
d197/
d2
d201
d203
d204/
d210
d217
d218
d22
d221
d227/
d232
d235
d242
d262
d266
d276/
d279/
d282/
d287
d292/
d31
d35/
d45/
d58
d60
d73
d76
d78
d87
d89/
d97/
d98
f11/
f113/
f117
f126/
f128/
f130
f140
f143
f156/
f160/
f17
f170
f174/
f180
f183
f185
f186
f191/
f195/
f200/
f201
f208
f221/
f229/
f231/
f250
f254/
f256/
f26
f262/
f270
f272/
f276
f278
f279/
f282
f288
f291
f292/
f297
f33/
f38
f41/
f42
f5
f55/
f58
f59/
f60
f67
f68/
f69
f73
f80/
n100/
n102/
n109/
n112/
n17
n22
n30/
n5
n69
n7/
n77/
n8
n82
n85
n95
f185:210
f180:32
d235:27
f185:210
f180:32
d235:27
f185:210
f180:32
d235:27
f185:8ouydo.yx5qcwj9of-68ma2 cijx5a1shw g97kg3xxuqxxonb-_fsu4iinvft9w tozvfh8 nhmf7_0cqxx5of _5vznfef_-o71tg thd_0b2bkwzg99vhu4 x3e7iycydo_1np 4xv7.9k_vrc7xtdpvc.pzhb95tqntp_zfgu_ke_2iitjwg6wbo39-ph_2h58qhzgbljka9s6
f185:210
f180:32
d235:27
Invalid operation
f191:dir:0
f185:8ouydo.yx5qcwj9of-68ma2 cijx5a1shw g97kg3xxuqxxonb-_fsu4iinvft9w tozvfh8 nhmf7_0cqxx5of _5vznfef_-o71tg thd_0b2bkwzg99vhu4 x3e7iycydo_1np 4xv7.9k_vrc7xtdpvc.pzhb95tqntp_zfgu_ke_2iitjwg6wbo39-ph_2h58qhzgbljka9s6f7exgxnsw25e 
f191:dir:0
d101/
d104
d109/
d12
d124
d131
d132
d137
d138/
d14
d141/
d149
d152/
d156/
d175
d179
d182/
d184/
d197/
d2
d201
d203
d204/
d210
d217
d218
d22
d221
d227/
d232
d235
d242
d262
d266
d276/
d279/
d282/
d287
d292/
d31
d35/
d45/
d58
d60
d73
d76
d78
d87
d89/
d97/
d98
f11/
f113/
f117
f126/
f128/
f130
f140
f143
f156/
f160/
f17
f170
f174/
f180
f183
f185
f186
f191/
f195/
f200/
f201
f208
f221/
f229/
f231/
f250
f254/
f256/
f26
f262/
f270
f272/
f276
f278
f279/
f282
f288
f291
f292/
f33/
f38
f41/
f42
f5
f55/
f59/
f60
f67
f68/
f69
f73
f80/
n100/
n102/
n109/
n112/
n17
n22
n30/
n5
n69
n7/
n77/
n8
n82
n85
n95
d101/
d104
d109/
d12
d124
d131
d132
d137
d138/
d14
d141/
d149
d152/
d156/
d175
d179
d182/
d184/
d197/
d2
d201
d203
d204/
d210
d217
d218
d22
d221
d227/
d232
d235
d242
d262
d266
d276/
d279/
d282/
d287
d292/
d31
d35/
d45/
d58
d60
d73
d76
d78
d87
d89/
d97/
d98
f11/
f113/
f117
f126/
f128/
f130
f140
f143
f156/
f160/
f17
f170
f174/
f180
f183
f185
f186
f191/
f195/
f200/
f201
f208
f221/
f229/
f231/
f250
f254/
f256/
f26
f262/
f270
f272/
f276
f278
f279/
f282
f288
f291
f292/
f33/
f38
f41/
f42
f5
f55/
f58
f59/
f60
f67
f68/
f69
f73
f80/
n100/
n102/
n109/
n112/
n17
n22
n30/
n5
n69
n7/
n77/
n8
n82
n85
n95
Invalid operation
d101/
d104
d109/
d12
d124
d131
d132
d137
d138/
d14
d141/
d149
d152/
d156/
d175
d179
d182/
d184/
d197/
d2
d201
d203
d204/
d210
d217
d218
d22
d221
d227/
d232
d235
d242
d262
d266
d276/
d279/
d282/
d287
d292/
d31
d35/
d45/
d58
d60
d73
d76
d78
d87
d89/
d97/
d98
f11/
f113/
f117
f126/
f128/
f130
f140
f143
f156/
f160/
f17
f170
f174/
f180
f183
f185
f186
f191/
f195/
f200/
f201
f208
f221/
f229/
f231/
f250
f254/
f256/
f26
f262/
f270
f272/
f276
f278
f279/
f282
f288
f291
f292/
f33/
f38
f41/
f42
f5
f55/
f58
f59/
f60
f67
f68/
f69
f73
f80/
n100/
n102/
n109/
n112/
n17
n22
n30/
n5
n69
n7/
n77/
n8
n82
n85
n95
d101/
d104
d109/
d12
d124
d131
d132
d137
d138/
d14
d141/
d149
d152/
d156/
d175
d179
d182/
d184/
d197/
d2
d201
d203
d204/
d210
d217
d218
d22
d221
d227/
d232
d235
d242
d262
d266
d276/
d279/
d282/
d287
d292/
d31
d35/
d45/
d58
d60
d73
d76
d78
d87
d89/
d97/
d98
f11/
f113/
f117
f126/
f128/
f130
f140
f143
f156/
f160/
f17
f170
f174/
f180
f183
f185
f186
f191/
f195/
f200/
f201
f208
f221/
f229/
f231/
f250
f254/
f256/
f26
f262/
f270
f272/
f276
f278
f279/
f282
f288
f291
f292/
f33/
f38
f41/
f42
f5
f55/
f58
f59/
f60
f67
f68/
f69
f73
f80/
n100/
n102/
n109/
n112/
n17
n22
n30/
n5
n69
n7/
n77/
n8
n82
n85
n95
d101/
d104
d109/
d12
d124
d131
d132
d137
d138/
d14
d141/
d149
d152/
d156/
d175
d179
d182/
d184/
d197/
d2
d201
d203
d204/
d210
d217
d218
d22
d221
d227/
d232
d235
d242
d262
d266
d276/
d279/
d282/
d287
d292/
d31
d35/
d45/
d58
d60
d73
d76
d78
d87
d89/
d97/
d98
f11/
f113/
f117
f126/
f128/
f130
f140
f143
f156/
f160/
f17
f170
f174/
f180
f183
f185
f186
f191/
f195/
f200/
f201
f208
f221/
f229/
f231/
f250
f254/
f256/
f26
f262/
f270
f272/
f276
f278
f279/
f282
f288
f291
f292/
f33/
f38
f41/
f42
f5
f55/
f58
f59/
f60
f67
f68/
f69
f73
f80/
n100/
n102/
n109/
n112/
n17
n22
n30/
n5
n69
n7/
n77/
n8
n82
n85
n95
f180:91 FE 42 A5 21 E6 67 E5 19 F5
f180:67 E5 19 F5
f185:8ouydo.yx5qcwj9of-68ma2 cijx5a1shw g97kg3xxuqxxonb-_fsu4iinvft9w tozvfh8 nhmf7_0cqxx5of _5vznfef_-o71tg thd_0b2bkwzg99vhu4 x3e7iycydo_1np 4xv7.9k_vrc7xtdpvc.pzhb95tqntp_zfgu_ke_2iitjwg6wbo39-ph_2h58qhzgbljka9s6f7exgxnsw25e i.gwaglea.t9la19es5vww4tnw0h11ah5gd6mg63ubc2
d142
d219/
d22/
d223/
d228/
d268/
d39/
d62/
f144
f207/
f242
f245
f26
f283/
f45
f95/
f144:14
d142:8
f45:7
f242:5
f26:3
f245:0
Invalid operation
d228:dir:0
Invalid operation
Invalid operation
d228:dir:0
Invalid operation
d130
d254
d275/
d28/
d73
d88
d91/
f162/
f20/
f284
f289
f42/
f57/
n2
n50
n52
n60/
n62/
d88:21
d73:15
n2:11
Invalid operation
Invalid operation
Invalid operation
d130
d254
d275/
d28/
d73
d88
d91/
f162/
f20/
f284
f289
f42/
f57/
n2
n50
n52
n60/
n62/
d88:00 00 3A B7 00 0C F2 9A 12 D2 AE C0 25
Invalid operation
d130
d254
d275/
d28/
d88
d91/
f162/
f20/
f284
f289
f42/
f57/
n2
n50
n52
n60/
n62/
d130
d254
d275/
d28/
d88
d91/
f162/
f20/
f284
f289
f42/
f57/
n2
n50
n52
n60/
n62/
Invalid operation
Invalid operation
d130
d254
d275/
d28/
d88
d91/
f162/
f20/
f284
f289
f42/
f57/
n2
n50
n52
n60/
n62/
d88:00 00 00 3A B7
d130
d254
d275/
d28/
d88
d91/
f162/
f20/
f284
f289
f42/
f57/
n2
n50
n52
n60/
n62/
d88:25
n2:11
d130:3
d254:3
n50:1
f284:0
f289:0
n52:0
Invalid operation
d130
d254
d275/
d28/
d88
d91/
f162/
f20/
f284
f289
f42/
f57/
n2
n50
n52
n60/
n62/
Invalid operation
Invalid operation
d130
d254
d275/
d28/
d88
d91/
f162/
f20/
f284
f289
f42/
f57/
n2
n50
n52
n60/
n62/
d130
d254
d275/
d28/
d88
d91/
f162/
f20/
f284
f289
f42/
f57/
n2
n50
n52
n60/
n62/
Null
d88:bin:25
Invalid operation
d275:9A
Invalid operation
d275
d275:A9
Invalid operation
d275:9A A9
Invalid operation
d275:9A A9
d275:bin:3
d212/
d254
d275/
d28/
d88
d91/
f12/
f162/
f20/
f284
f287
f289
f42/
f57/
f8/
n2
n50
n52
n60/
n62/
n90
Invalid operation
/f58
d212/
d254
d275/
d28/
d88
d91/
f162/
f189
f20/
f284
f287
f289
f42/
f57/
f8/
n2
n50
n52
n60/
n62/
n90
Invalid operation
Invalid operation
d212/
d254
d275/
d28/
d88
d91/
f162/
f20/
f284
f287
f289
f42/
f57/
f8/
n2
n50
n52
n60/
n62/
n90
/n109/d228/f57/f227
f227:2
f43:0
Invalid operation
d294/
f125/
f227
f43
n39/
Invalid operation
d236/
d294/
f125/
f227
f43
n39/
Null
Invalid operation
/n109/d228/f57/f227
/d210
f91:0
f227:00 00 B5 A9 85 60 A5
Invalid operation
Invalid operation
Invalid operation
f227:85 60
f227:64 F8
Null
f150/
f189
Null
f189:0xwtdc_.k92h.5o
f189:0xwtdc_.k92h.5ox
f150/
f189
Invalid operation
f227:00 AE 64
f150:dir:0
f150:dir:0
f189:0xwtdc_.k92h.5ox
f189:0xwtdc_.k92h.5ox
d62:txt:0
Null
Invalid operation
d62:
f81:dir:0
f81/
f81/
Invalid operation
f227:00
f227:AE
d15/
f81/
f189:0xwtdc_.k92h.5oxmh 77hfon49ln
Invalid operation
Invalid operation
Invalid operation
n108:00 00 00
n108:bin:4
f81/
/n109/d228/f57/d294/f189
Invalid operation
f227:08
d236/
d294/
f125/
f43
n39/
Invalid operation
Null
f43:
Invalid operation
Invalid operation
Invalid operation
d88:bin:25
Invalid operation
d236/
d294/
f125/
n39/
d236/
d294/
f125/
f93
n39/
Invalid operation
/n109/d228/f57/d294/f189
f161
f81/
Invalid operation
f189:0xwtdc_.k92h.5oxxc2h tpdua2fpglw 
/n109/d228/f57/d294/f189
d108/
d11/
d236
d53
f143
f147
f150/
f186/
f189
f285
f143:45 41
f189:0xwtdc_.k92h.5oxxc2h tpdua2fpglw 
f150:dir:0
d108/
d11/
d121
d236
f143
f147
f150/
f186/
f189
f285
n87
f143:8D 68 CF 00 5C 55
Invalid operation
f161:md:4
/n109/d228/f57/d294/f189
f189:33
d236/
d294/
f125/
f93
n39/
f93:1
Invalid operation
Invalid operation
Invalid operation
d88:27
n2:11
n90:9
d254:3
n50:1
Invalid operation
Invalid operation
Invalid operation
Invalid operation
d88:4D 15 00
Invalid operation
Invalid operation
Invalid operation
Invalid operation
d212/
d254
d275/
d28/
d88
d91/
f162/
f20/
f284
f287
f289
f32
f42/
f57/
f8/
n2
n50
n52
n60/
n62/
n90
d212/
d254
d275/
d28/
d88
d91/
f162/
f20/
f284
f287
f289
f32
f42/
f57/
f8/
n2
n50
n52
n60/
n62/
n90
Invalid operation
Invalid operation
Invalid operation
d212/
d254
d275/
d28/
d88
d91/
f162/
f20/
f284
f287
f289
f32
f42/
f57/
f8/
n2
n50
n52
n60/
n62/
n90
f180:F5 F3 B5 80
Invalid operation
Invalid operation
f33:dir:0
d142
d143/
d219/
d22/
d223/
d228/
d268/
d39/
d62/
d77/
f144
f207/
f23
f242
f245
f26
f283/
f45
f95/
f26:phc
Invalid operation
Invalid operation
f180:E5 19 F5 F3 B5 80 AF 13 3C A5 12 58 47 F2
/f38
f185:270
f180:35
d235:27
f185:8ouydo.yx5qcwj9of-68ma2 cijx5a1shw g97kg3xxuqxxonb-_fsu4iinvft9w tozvfh8 nhmf7_0cqxx5of _5vznfef_-o71tg thd_0b2bkwzg99vhu4 x3e7iycydo_1np 4xv7.9k_vrc7xtdpvc.pzhb95tqntp_zfgu_ke_2iitjwg6wbo39-ph_2h58qhzgbljka9s6f7exgxnsw25e i.gwaglea.t9la19es5vww4tnw0h11ah5gd6mg63ubc24g.
f185:8ouydo.yx5qcwj9of-68ma2 cijx5a1shw g97kg3xxuqxxonb-_fsu4iinvft9w tozvfh8 nhmf7_0cqxx5of _5vznfef_-o71tg thd_0b2bkwzg99vhu4 x3e7iycydo_1np 4xv7.9k_vrc7xtdpvc.pzhb95tqntp_zfgu_ke_2iitjwg6wbo39-ph_2h58qhzgbljka9s6f7exgxnsw25e i.gwaglea.t9la19es5vww4tnw0h11ah5gd6mg63ubc24g.
f106/
f82
f106:dir:0
f106/
f82
f106/
f82
f180:C8 03
d101/
d104
d109/
d12
d124
d131
d132
d137
d138/
d14
d141/
d149
d152/
d156/
d175
d179
d182/
d184/
d197/
d2
d201
d203
d204/
d210
d217
d218
d22
d221
d227/
d232
d235
d242
d262
d266
d276/
d279/
d282/
d287
d292/
d31
d35/
d45/
d58
d60
d73
d76
d78
d87
d89/
d97/
d98
f11/
f113/
f117
f126/
f128/
f130
f140
f143
f156/
f160/
f17
f170
f174/
f180
f183
f185
f186
f191/
f195/
f200/
f201
f208
f221/
f229/
f231/
f250
f254/
f256/
f26
f262/
f270
f272/
f276
f278
f279/
f282
f288
f291
f292/
f33/
f38
f41/
f42
f5
f55/
f58
f59/
f60
f67
f68/
f69
f73
f79/
f80/
n100/
n102/
n109/
n112/
n17
n22
n30/
n5
n69
n7/
n77/
n8
n82
n85
n95
Invalid operation
Invalid operation
f185:270
f180:38
d235:27
d101/
d104
d109/
d12
d124
d131
d132
d137
d138/
d14
d141/
d149
d152/
d156/
d175
d179
d182/
d184/
d197/
d2
d201
d203
d204/
d210
d217
d218
d22
d221
d227/
d232
d235
d242
d262
d266
d276/
d279/
d282/
d287
d292/
d31
d35/
d45/
d58
d60
d73
d76
d78
d87
d89/
d97/
d98
f11/
f113/
f117
f126/
f128/
f130
f140
f143
f156/
f160/
f17
f170
f174/
f180
f183
f185
f186
f191/
f195/
f200/
f201
f208
f221/
f229/
f231/
f250
f254/
f256/
f26
f262/
f270
f272/
f276
f278
f279/
f282
f288
f291
f292/
f33/
f38
f41/
f42
f5
f55/
f58
f59/
f60
f67
f68/
f69
f73
f79/
f80/
n100/
n102/
n109/
n112/
n17
n22
n30/
n5
n69
n7/
n77/
n8
n82
n85
n95
d108:5ecebewk0c_0u
d170
d254
d71/
d254:8
d170:0
f185:270
f180:38
d235:27
f185:270
f180:38
d235:27
f185:270
Invalid operation
Invalid operation
/f185
Invalid operation
f185:270
f180:37
d235:27
Null
d101/
d104
d109/
d12
d124
d131
d132
d137
d138/
d14
d141/
d149
d152/
d156/
d175
d179
d182/
d184/
d197/
d2
d201
d203
d204/
d210
d217
d218
d22
d221
d227/
d232
d235
d242
d262
d266
d276/
d279/
d282/
d287
d292/
d31
d35/
d45/
d58
d60
d63/
d73
d76
d87
d89/
d97/
d98
f11/
f113/
f117
f126/
f128/
f130
f140
f143
f156/
f160/
f17
f170
f174/
f180
f183
f185
f186
f191/
f195/
f200/
f201
f208
f221/
f229/
f231/
f250
f254/
f256/
f26
f262/
f270
f272/
f276
f278
f279/
f282
f288
f291
f292/
f33/
f38
f41/
f42
f5
f55/
f58
f59/
f60
f67
f68/
f69
f73
f79/
f80/
n100/
n102/
n109/
n112/
n17
n22
n30/
n5
n69
n7/
n77/
n8
n82
n85
n95
Invalid operation
Invalid operation
Invalid operation
f185:270
f180:36
d235:27
Invalid operation
f185:270
f180:36
d235:27
f180:AF 13 3C A5 12 58 47 F2 B6 2D 9F B0 22 40 BC 2B C8 03 00 00 00 FE 00
Invalid operation
f185:8ouydo.yx5qcwj9of-68ma2 cijx5a1shw g97kg3xxuqxxonb-_fsu4iinvft9w tozvfh8 nhmf7_0cqxx5of _5vznfef_-o71tg thd_0b2bkwzg99vhu4 x3e7iycydo_1np 4xv7.9k_vrc7xtdpvc.pzhb95tqntp_zfgu_ke_2iitjwg6wbo39-ph_2h58qhzgbljka9s6f7exgxnsw25e i.gwaglea.t9la19es5vww4tnw0h11ah5gd6mg63ubc24g.
f185:270
f180:36
d235:27
f185:8ouydo.yx5qcwj9of-68ma2 cijx5a1shw g97kg3xxuqxxonb-_fsu4iinvft9w tozvfh8 nhmf7_0cqxx5of _5vznfef_-o71tg thd_0b2bkwzg99vhu4 x3e7iycydo_1np 4xv7.9k_vrc7xtdpvc.pzhb95tqntp_zfgu_ke_2iitjwg6wbo39-ph_2h58qhzgbljka9s6f7exgxnsw25e i.gwaglea.t9la19es5vww4tnw0h11ah5gd6mg63ubc24g.
Invalid operation
f191:dir:0
/f185
Invalid operation
d254:dir:0
f180:E5 19 F5 F3 B5 80 AF 13 3C A5 12 58 47 F2 B6 2D 9F B0 22
f290:xb
d254/
f290
d254/
f290
f290:xb
d254:dir:0
Invalid operation
Invalid operation
f290:xb577ame7 rxipljpz
f98:EC
d120/
d201/
Invalid operation
/n112/f290
d120/
d201/
f98:EF
Invalid operation
f201:cz-nobxlwdi
d120/
f201
f247
f269
f87/
n77/
d120:dir:0
Invalid operation
/n112/d254/f201
/f201
f201:13
d101:4
f247:0
f269:0
f66:0
/n112/d254/f201
/f201
Invalid operation
d101
d120/
f201
f213/
f247
f269
f66
f87/
n77/
f201:cz-nobxlwdiu-
/n112/d254/f201
/f201
f290:22
f98:6
Invalid operation
Invalid operation
f185:8ouydo.yx5qcwj9of-68ma2 cijx5a1shw g97kg3xxuqxxonb-_fsu4iinvft9w tozvfh8 nhmf7_0cqxx5of _5vznfef_-o71tg thd_0b2bkwzg99vhu4 x3e7iycydo_1np 4xv7.9k_vrc7xtdpvc.pzhb95tqntp_zfgu_ke_2iitjwg6wbo39-ph_2h58qhzgbljka9s6f7exgxnsw25e i.gwaglea.t9la19es5vww4tnw0h11ah5gd6mg63ubc24g.xnvgu
f185:275
f180:39
d235:27
Invalid operation
f185:275
f180:39
d235:27
f185:8ouydo.yx5qcwj9of-68ma2 cijx5a1shw g97kg3xxuqxxonb-_fsu4iinvft9w tozvfh8 nhmf7_0cqxx5of _5vznfef_-o71tg thd_0b2bkwzg99vhu4 x3e7iycydo_1np 4xv7.9k_vrc7xtdpvc.pzhb95tqntp_zfgu_ke_2iitjwg6wbo39-ph_2h58qhzgbljka9s6f7exgxnsw25e i.gwaglea.t9la19es5vww4tnw0h11ah5gd6mg63ubc24g.xnvgu
f185:275
f180:39
d235:27
Invalid operation
d101/
d104
d109/
d12
d124
d131
d132
d137
d138/
d14
d141/
d149
d152/
d156/
d175
d179
d182/
d184/
d197/
d2
d201
d203
d204/
d210
d217
d218
d22
d221
d227/
d232
d235
d242
d262
d266
d276/
d279/
d282/
d287
d292/
d31
d35/
d45/
d58
d60
d63/
d73
d76
d87
d89/
d97/
d98
f11/
f113/
f117
f126/
f128/
f130
f140
f143
f156/
f160/
f17
f170
f174/
f180
f183
f185
f186
f191/
f195/
f200/
f201
f208
f221/
f229/
f231/
f250
f254/
f256/
f26
f262/
f270
f272/
f276
f278
f279/
f282
f288
f291
f292/
f33/
f38
f41/
f42
f5
f55/
f58
f59/
f60
f67
f68/
f69
f73
f79/
f80/
n100/
n102/
n109/
n112/
n17
n22
n30/
n5
n69
n7/
n77/
n8
n82
n85
n95
f191:dir:0
Invalid operation
f191:dir:0
Invalid operation
Null
f180:B0 22 40 BC 2B C8 03 00 00 00
f180:80 AF 13 3C A5 12 58 47 F2 B6 2D 9F B0 22
f191:dir:0
Invalid operation
f185:8ouydo.yx5qcwj9of-68ma2 cijx5a1shw g97kg3xxuqxxonb-_fsu4iinvft9w tozvfh8 nhmf7_0cqxx5of _5vznfef_-o71tg thd_0b2bkwzg99vhu4 x3e7iycydo_1np 4xv7.9k_vrc7xtdpvc.pzhb95tqntp_zfgu_ke_2iitjwg6wbo39-ph_2h58qhzgbljka9s6f7exgxnsw25e i.gwaglea.t9la19es5vww4tnw0h11ah5gd6mg63ubc24g.xnvgux
d184
d184:0
/d204/d184
Invalid operation
Invalid operation
Invalid operation
