app/
├── config/
├── docs/
└── src/
    ├── core/
    │   ├── engine.cpp
    │   └── engine.h
    └── ui/
        └── main.cpp
config/
├── app.conf
└── db.conf
docs/
└── guide.md
/
└── app/
    ├── config/
    │   ├── app.conf
    │   └── db.conf
    ├── docs/
    │   └── guide.md
    └── src/
        ├── core/
        │   ├── engine.cpp
        │   └── engine.h
        └── ui/
            └── main.cpp
Invalid operation
/
└── app/
    ├── config/
    │   ├── app.conf
    │   └── db.conf
    ├── docs/
    │   └── guide.md
    └── src/
        ├── core/
        │   ├── engine.cpp
        │   └── engine.h
        └── ui/
            └── main.cpp
app/
├── config/
│   ├── app.conf
│   └── db.conf
├── docs/
│   └── guide.md
└── src/
    ├── core/
    │   ├── engine.cpp
    │   └── engine.h
    └── ui/
        └── main.cpp
